[2026-02-27T16:52:42.042Z] [INFO] ✅ Programador de backups automáticos iniciado | {"type":"STARTUP"}
[2026-02-27T16:52:47.209Z] [API] GET / 304 (13ms)
[2026-02-27T16:52:47.268Z] [API] GET /style.css 304 (5ms)
[2026-02-27T16:52:47.271Z] [API] GET /images/logo3.png 304 (7ms)
[2026-02-27T16:52:47.274Z] [API] GET /images/iconrecibos.png 304 (8ms)
[2026-02-27T16:52:47.297Z] [API] GET /images/iconagenda.png 304 (5ms)
[2026-02-27T16:52:47.305Z] [API] GET /socket-electro.js 304 (11ms)
[2026-02-27T16:52:47.308Z] [API] GET /socket-client.js 304 (14ms)
[2026-02-27T16:52:47.315Z] [API] GET /calendario-bloqueado.js 304 (20ms)
[2026-02-27T16:52:47.340Z] [API] GET /validation-client.js 304 (40ms)
[2026-02-27T16:52:47.345Z] [API] GET /app.js 304 (44ms)
[2026-02-27T16:52:47.368Z] [API] GET /images/iconelectro.png 304 (18ms)
[2026-02-27T16:52:47.375Z] [API] GET /images/logo.png 304 (22ms)
[2026-02-27T16:52:47.377Z] [API] GET /images/logo1.png 304 (20ms)
[2026-02-27T16:52:47.386Z] [API] GET /images/iconuser.png 304 (32ms)
[2026-02-27T16:52:47.398Z] [API] GET /images/bck3.jpeg 304 (5ms)
[2026-02-27T16:52:47.454Z] [API] GET /images/fondo.png 304 (59ms)
[2026-02-27T16:52:47.456Z] [API] GET /api/sesion 200 (60ms)
[2026-02-27T16:52:47.459Z] [API] GET /api/sesion 304 (62ms)
[2026-02-27T16:52:47.460Z] [API] GET /images/icon.png 304 (63ms)
[2026-02-27T16:52:47.478Z] [API] GET /images/icon.png 304 (1ms)
[2026-02-27T16:52:47.566Z] [API] GET /api/recibos 200 (173ms)
[2026-02-27T16:52:47.569Z] [API] GET /api/recibos 304 (176ms)
[2026-02-27T16:52:56.973Z] [API] GET / 304 (3ms)
[2026-02-27T16:52:57.029Z] [API] GET /style.css 304 (4ms)
[2026-02-27T16:52:57.031Z] [API] GET /images/logo3.png 304 (3ms)
[2026-02-27T16:52:57.037Z] [API] GET /images/iconrecibos.png 304 (9ms)
[2026-02-27T16:52:57.049Z] [API] GET /images/iconagenda.png 304 (3ms)
[2026-02-27T16:52:57.060Z] [API] GET /socket-client.js 304 (14ms)
[2026-02-27T16:52:57.062Z] [API] GET /socket-electro.js 304 (15ms)
[2026-02-27T16:52:57.065Z] [API] GET /app.js 304 (17ms)
[2026-02-27T16:52:57.072Z] [API] GET /calendario-bloqueado.js 304 (23ms)
[2026-02-27T16:52:57.076Z] [API] GET /validation-client.js 304 (11ms)
[2026-02-27T16:52:57.088Z] [API] GET /images/iconelectro.png 304 (1ms)
[2026-02-27T16:52:57.096Z] [API] GET /images/iconuser.png 304 (3ms)
[2026-02-27T16:52:57.100Z] [API] GET /images/logo.png 304 (6ms)
[2026-02-27T16:52:57.109Z] [API] GET /images/logo1.png 304 (15ms)
[2026-02-27T16:52:57.126Z] [API] GET /api/sesion 200 (11ms)
[2026-02-27T16:52:57.127Z] [API] GET /api/sesion 304 (13ms)
[2026-02-27T16:52:57.128Z] [API] GET /images/bck3.jpeg 304 (13ms)
[2026-02-27T16:52:57.130Z] [API] GET /images/fondo.png 304 (8ms)
[2026-02-27T16:52:57.134Z] [API] GET /api/recibos 200 (19ms)
[2026-02-27T16:52:57.137Z] [API] GET /api/recibos 304 (24ms)
[2026-02-27T16:52:57.139Z] [API] GET /images/icon.png 304 (16ms)
[2026-02-27T16:52:57.148Z] [API] GET /images/icon.png 304 (1ms)
[2026-02-27T20:28:05.524Z] [INFO] ✅ Programador de backups automáticos iniciado | {"type":"STARTUP"}
[2026-02-27T20:28:26.954Z] [API] GET / 304 (21ms)
[2026-02-27T20:28:27.110Z] [API] GET /style.css 304 (3ms)
[2026-02-27T20:28:27.115Z] [API] GET /images/iconrecibos.png 304 (1ms)
[2026-02-27T20:28:27.118Z] [API] GET /images/logo3.png 304 (4ms)
[2026-02-27T20:28:27.136Z] [API] GET /images/iconagenda.png 304 (8ms)
[2026-02-27T20:28:27.152Z] [API] GET /validation-client.js 304 (9ms)
[2026-02-27T20:28:27.157Z] [API] GET /calendario-bloqueado.js 304 (12ms)
[2026-02-27T20:28:27.165Z] [API] GET /socket-electro.js 304 (17ms)
[2026-02-27T20:28:27.169Z] [API] GET /socket-client.js 304 (21ms)
[2026-02-27T20:28:27.182Z] [API] GET /app.js 304 (32ms)
[2026-02-27T20:28:27.198Z] [API] GET /images/iconelectro.png 304 (6ms)
[2026-02-27T20:28:27.202Z] [API] GET /images/iconuser.png 304 (9ms)
[2026-02-27T20:28:27.208Z] [API] GET /images/logo.png 304 (15ms)
[2026-02-27T20:28:27.244Z] [API] GET /images/logo1.png 304 (3ms)
[2026-02-27T20:28:27.345Z] [API] GET /api/sesion 200 (7ms)
[2026-02-27T20:28:27.347Z] [API] GET /api/sesion 304 (10ms)
[2026-02-27T20:28:27.349Z] [API] GET /images/bck3.jpeg 304 (11ms)
[2026-02-27T20:28:27.350Z] [API] GET /images/fondo.png 304 (12ms)
[2026-02-27T20:28:27.352Z] [API] GET /images/icon.png 304 (13ms)
[2026-02-27T20:28:27.561Z] [API] GET /api/recibos 200 (280ms)
[2026-02-27T20:28:27.562Z] [API] GET /api/recibos 304 (281ms)
[2026-02-27T20:28:31.255Z] [API] GET /style.css 304 (3ms)
[2026-02-27T20:28:31.305Z] [API] GET /.well-known/appspecific/com.chrome.devtools.json 404 (5ms)
[2026-02-27T20:42:22.957Z] [INFO] ✅ Programador de backups automáticos iniciado | {"type":"STARTUP"}
[2026-02-27T20:42:26.471Z] [API] GET /.well-known/appspecific/com.chrome.devtools.json 404 (18ms)
[2026-02-27T20:42:26.915Z] [API] GET / 304 (9ms)
[2026-02-27T20:42:27.036Z] [API] GET /.well-known/appspecific/com.chrome.devtools.json 404 (2ms)
[2026-02-27T20:42:27.068Z] [API] GET /images/logo3.png 304 (15ms)
[2026-02-27T20:42:27.080Z] [API] GET /images/iconrecibos.png 304 (26ms)
[2026-02-27T20:42:27.125Z] [API] GET /style.css 304 (71ms)
[2026-02-27T20:42:27.140Z] [API] GET /images/iconagenda.png 304 (12ms)
[2026-02-27T20:42:27.182Z] [API] GET /socket-client.js 304 (14ms)
[2026-02-27T20:42:27.233Z] [API] GET /socket-electro.js 304 (21ms)
[2026-02-27T20:42:27.352Z] [API] GET /app.js 304 (3ms)
[2026-02-27T20:42:27.375Z] [API] GET /calendario-bloqueado.js 304 (5ms)
[2026-02-27T20:42:27.404Z] [API] GET /validation-client.js 304 (33ms)
[2026-02-27T20:42:27.414Z] [API] GET /images/iconelectro.png 304 (2ms)
[2026-02-27T20:42:27.552Z] [API] GET /images/logo1.png 304 (3ms)
[2026-02-27T20:42:27.570Z] [API] GET /images/logo.png 304 (28ms)
[2026-02-27T20:42:27.575Z] [API] GET /images/iconuser.png 304 (2ms)
[2026-02-27T20:42:27.742Z] [API] GET /api/sesion 200 (1ms)
[2026-02-27T20:42:27.789Z] [API] GET /api/sesion 304 (48ms)
[2026-02-27T20:42:27.829Z] [API] GET /images/fondo.png 304 (10ms)
[2026-02-27T20:42:28.295Z] [API] GET /images/bck3.jpeg 304 (479ms)
[2026-02-27T20:42:28.315Z] [API] GET /images/icon.png 304 (494ms)
[2026-02-27T20:42:28.554Z] [API] GET /api/recibos 200 (736ms)
[2026-02-27T20:42:28.586Z] [API] GET /api/recibos 304 (768ms)
[2026-02-27T20:42:28.817Z] [API] GET /images/icon.png 304 (3ms)
[2026-02-27T20:42:33.198Z] [API] POST /api/login 200 (101ms)
[2026-02-27T20:42:33.201Z] [API] POST /api/login 200 (104ms)
[2026-02-27T20:42:34.061Z] [API] GET /api/equipos-electro 200 (16ms)
[2026-02-27T20:42:34.064Z] [API] GET /api/equipos-electro 304 (19ms)
[2026-02-27T20:42:34.121Z] [API] GET /api/citas-electro 200 (32ms)
[2026-02-27T20:42:34.122Z] [API] GET /api/citas-electro 304 (33ms)
[2026-02-27T20:43:24.637Z] [API] GET / 304 (1ms)
[2026-02-27T20:43:24.698Z] [API] GET /.well-known/appspecific/com.chrome.devtools.json 404 (3ms)
[2026-02-27T20:43:24.707Z] [API] GET /images/logo3.png 304 (2ms)
[2026-02-27T20:43:24.715Z] [API] GET /images/iconrecibos.png 304 (10ms)
[2026-02-27T20:43:24.718Z] [API] GET /style.css 304 (16ms)
[2026-02-27T20:43:24.728Z] [API] GET /images/iconagenda.png 304 (3ms)
[2026-02-27T20:43:24.730Z] [API] GET /socket-client.js 304 (3ms)
[2026-02-27T20:43:24.855Z] [API] GET /socket-electro.js 304 (1ms)
[2026-02-27T20:43:24.858Z] [API] GET /app.js 304 (2ms)
[2026-02-27T20:43:24.885Z] [API] GET /calendario-bloqueado.js 304 (9ms)
[2026-02-27T20:43:24.912Z] [API] GET /validation-client.js 304 (34ms)
[2026-02-27T20:43:24.989Z] [API] GET /images/iconuser.png 304 (111ms)
[2026-02-27T20:43:25.061Z] [API] GET /images/logo.png 304 (181ms)
[2026-02-27T20:43:25.074Z] [API] GET /images/iconelectro.png 304 (197ms)
[2026-02-27T20:43:25.088Z] [API] GET /images/logo1.png 304 (200ms)
[2026-02-27T20:43:25.095Z] [API] GET /images/bck3.jpeg 304 (5ms)
[2026-02-27T20:43:25.100Z] [API] GET /images/fondo.png 304 (8ms)
[2026-02-27T20:43:25.105Z] [API] GET /api/recibos 200 (15ms)
[2026-02-27T20:43:25.107Z] [API] GET /images/icon.png 304 (16ms)
[2026-02-27T20:43:25.108Z] [API] GET /api/recibos 304 (19ms)
[2026-02-27T20:43:25.123Z] [API] GET /images/icon.png 304 (1ms)
[2026-02-27T20:43:25.141Z] [API] GET /api/sesion 200 (51ms)
[2026-02-27T20:43:25.143Z] [API] GET /api/sesion 200 (52ms)
[2026-02-27T20:43:25.163Z] [API] GET /api/recibos 200 (1ms)
[2026-02-27T20:43:25.176Z] [API] GET /api/recibos 304 (14ms)
[2026-02-27T20:43:25.186Z] [API] GET /api/equipos-electro 200 (26ms)
[2026-02-27T20:43:25.194Z] [API] GET /api/equipos-electro 304 (34ms)
[2026-02-27T20:43:25.213Z] [API] GET /api/recibos 200 (5ms)
[2026-02-27T20:43:25.223Z] [API] GET /api/recibos 304 (15ms)
[2026-02-27T20:43:25.229Z] [API] GET /api/recibos 200 (1ms)
[2026-02-27T20:43:25.237Z] [API] GET /api/recibos 304 (9ms)
[2026-02-27T20:43:25.243Z] [API] GET /api/citas-electro 200 (19ms)
[2026-02-27T20:43:25.244Z] [API] GET /api/citas-electro 304 (20ms)
[2026-02-27T20:43:25.246Z] [API] GET /api/recibos 200 (5ms)
[2026-02-27T20:43:25.253Z] [API] GET /api/recibos 304 (13ms)
[2026-02-27T20:43:32.237Z] [API] GET / 304 (1ms)
[2026-02-27T20:43:32.301Z] [API] GET /.well-known/appspecific/com.chrome.devtools.json 404 (2ms)
[2026-02-27T20:43:32.313Z] [API] GET /style.css 304 (13ms)
[2026-02-27T20:43:32.321Z] [API] GET /images/logo3.png 304 (10ms)
[2026-02-27T20:43:32.322Z] [API] GET /images/iconrecibos.png 304 (12ms)
[2026-02-27T20:43:32.383Z] [API] GET /socket-client.js 304 (1ms)
[2026-02-27T20:43:32.385Z] [API] GET /images/iconagenda.png 304 (6ms)
[2026-02-27T20:43:32.393Z] [API] GET /socket-electro.js 304 (2ms)
[2026-02-27T20:43:32.399Z] [API] GET /app.js 304 (7ms)
[2026-02-27T20:43:32.407Z] [API] GET /calendario-bloqueado.js 304 (15ms)
[2026-02-27T20:43:32.442Z] [API] GET /validation-client.js 304 (45ms)
[2026-02-27T20:43:32.456Z] [API] GET /images/iconelectro.png 304 (58ms)
[2026-02-27T20:43:32.557Z] [API] GET /images/iconuser.png 304 (158ms)
[2026-02-27T20:43:32.572Z] [API] GET /images/logo.png 304 (131ms)
[2026-02-27T20:43:32.574Z] [API] GET /images/logo1.png 304 (131ms)
[2026-02-27T20:43:32.579Z] [API] GET /images/bck3.jpeg 304 (9ms)
[2026-02-27T20:43:32.586Z] [API] GET /api/recibos 200 (18ms)
[2026-02-27T20:43:32.588Z] [API] GET /api/sesion 200 (19ms)
[2026-02-27T20:43:32.590Z] [API] GET /api/recibos 304 (21ms)
[2026-02-27T20:43:32.591Z] [API] GET /api/sesion 304 (22ms)
[2026-02-27T20:43:32.592Z] [API] GET /images/fondo.png 304 (15ms)
[2026-02-27T20:43:32.593Z] [API] GET /images/icon.png 304 (14ms)
[2026-02-27T20:43:32.625Z] [API] GET /api/equipos-electro 200 (13ms)
[2026-02-27T20:43:32.626Z] [API] GET /api/equipos-electro 304 (14ms)
[2026-02-27T20:43:32.629Z] [API] GET /api/recibos 200 (8ms)
[2026-02-27T20:43:32.641Z] [API] GET /api/recibos 304 (21ms)
[2026-02-27T20:43:32.662Z] [API] GET /api/recibos 200 (3ms)
[2026-02-27T20:43:32.668Z] [API] GET /api/recibos 304 (9ms)
[2026-02-27T20:43:32.671Z] [API] GET /api/citas-electro 200 (12ms)
[2026-02-27T20:43:32.674Z] [API] GET /api/citas-electro 304 (14ms)
[2026-02-27T20:43:32.679Z] [API] GET /api/recibos 200 (2ms)
[2026-02-27T20:43:32.686Z] [API] GET /api/recibos 304 (9ms)
[2026-02-27T20:43:32.692Z] [API] GET /api/recibos 200 (2ms)
[2026-02-27T20:43:32.693Z] [API] GET /api/recibos 304 (3ms)
[2026-02-27T20:43:36.050Z] [API] GET / 304 (4ms)
[2026-02-27T20:43:36.370Z] [API] GET / 304 (2ms)
[2026-02-27T20:43:36.495Z] [API] GET /images/logo3.png 304 (2ms)
[2026-02-27T20:43:36.499Z] [API] GET /style.css 304 (7ms)
[2026-02-27T20:43:36.502Z] [API] GET /images/iconrecibos.png 304 (4ms)
[2026-02-27T20:43:36.540Z] [API] GET /socket-client.js 304 (1ms)
[2026-02-27T20:43:36.548Z] [API] GET /images/iconagenda.png 304 (9ms)
[2026-02-27T20:43:36.626Z] [API] GET /socket-electro.js 304 (1ms)
[2026-02-27T20:43:36.628Z] [API] GET /app.js 304 (3ms)
[2026-02-27T20:43:36.641Z] [API] GET /calendario-bloqueado.js 304 (2ms)
[2026-02-27T20:43:36.650Z] [API] GET /validation-client.js 304 (5ms)
[2026-02-27T20:43:36.652Z] [API] GET /images/iconelectro.png 304 (6ms)
[2026-02-27T20:43:36.654Z] [API] GET /images/iconuser.png 304 (7ms)
[2026-02-27T20:43:36.656Z] [API] GET /images/logo.png 304 (8ms)
[2026-02-27T20:43:36.673Z] [API] GET /images/logo1.png 304 (1ms)
[2026-02-27T20:43:36.707Z] [API] GET /api/recibos 200 (2ms)
[2026-02-27T20:43:36.710Z] [API] GET /api/recibos 304 (5ms)
[2026-02-27T20:43:36.758Z] [API] GET /images/bck3.jpeg 304 (14ms)
[2026-02-27T20:43:36.771Z] [API] GET /images/fondo.png 304 (17ms)
[2026-02-27T20:43:36.773Z] [API] GET /images/icon.png 304 (17ms)
[2026-02-27T20:43:36.785Z] [API] GET /api/sesion 200 (44ms)
[2026-02-27T20:43:36.790Z] [API] GET /api/sesion 304 (49ms)
[2026-02-27T20:43:36.819Z] [API] GET /api/recibos 200 (8ms)
[2026-02-27T20:43:36.821Z] [API] GET /api/recibos 304 (10ms)
[2026-02-27T20:43:36.828Z] [API] GET /api/recibos 200 (3ms)
[2026-02-27T20:43:36.835Z] [API] GET /api/recibos 304 (9ms)
[2026-02-27T20:43:36.846Z] [API] GET /api/recibos 200 (1ms)
[2026-02-27T20:43:36.876Z] [API] GET /api/recibos 304 (32ms)
[2026-02-27T20:43:36.901Z] [API] GET /api/recibos 200 (3ms)
[2026-02-27T20:43:36.911Z] [API] GET /api/recibos 304 (13ms)
[2026-02-27T20:43:38.124Z] [API] GET /api/equipos-electro 200 (3ms)
[2026-02-27T20:43:38.125Z] [API] GET /api/equipos-electro 304 (4ms)
[2026-02-27T20:43:38.165Z] [API] GET /api/citas-electro 200 (3ms)
[2026-02-27T20:43:38.168Z] [API] GET /api/citas-electro 304 (5ms)
[2026-02-27T20:57:06.408Z] [API] GET /api/estudios/duracion 200 (76ms)
[2026-02-27T20:57:06.416Z] [API] GET /api/estudios/duracion 304 (85ms)
[2026-02-27T20:57:09.411Z] [API] GET /api/diagnosticos/search 200 (49ms)
[2026-02-27T20:57:09.415Z] [API] GET /api/diagnosticos/search 200 (53ms)
[2026-02-27T20:57:11.036Z] [API] GET /api/diagnosticos/search 200 (25ms)
[2026-02-27T20:57:11.040Z] [API] GET /api/diagnosticos/search 200 (30ms)
[2026-02-27T20:57:12.774Z] [API] GET /api/diagnosticos/search 200 (7ms)
[2026-02-27T20:57:12.779Z] [API] GET /api/diagnosticos/search 200 (12ms)
[2026-02-27T20:57:15.061Z] [API] GET /api/equipos-electro/disponibilidad 200 (35ms)
[2026-02-27T20:57:15.064Z] [API] GET /api/equipos-electro/disponibilidad 200 (38ms)
[2026-02-27T20:57:17.212Z] [API] GET /api/equipos-electro/disponibilidad 200 (11ms)
[2026-02-27T20:57:17.214Z] [API] GET /api/equipos-electro/disponibilidad 304 (14ms)
[2026-02-27T20:57:20.481Z] [API] GET /api/pacientes 200 (21ms)
[2026-02-27T20:57:20.483Z] [API] GET /api/pacientes 200 (23ms)
[2026-02-27T20:57:21.536Z] [API] GET /api/pacientes 200 (5ms)
[2026-02-27T20:57:21.539Z] [API] GET /api/pacientes 200 (9ms)
[2026-02-27T20:57:22.229Z] [API] GET /api/pacientes 200 (6ms)
[2026-02-27T20:57:22.231Z] [API] GET /api/pacientes 200 (8ms)
[2026-02-27T20:57:23.674Z] [SUCCESS] COMMIT: Transaction | {"duration":"63ms"}
[2026-02-27T20:57:23.681Z] [API] POST /api/citas-electro 200 (83ms)
[2026-02-27T20:57:23.683Z] [API] POST /api/citas-electro 200 (85ms)
[2026-02-27T20:57:23.702Z] [API] GET /api/citas-electro 200 (7ms)
[2026-02-27T20:57:23.704Z] [API] GET /api/citas-electro 200 (10ms)
[2026-02-27T20:57:25.993Z] [API] GET /api/estudios/duracion 200 (2ms)
[2026-02-27T20:57:25.994Z] [API] GET /api/estudios/duracion 304 (3ms)
[2026-02-27T20:57:27.708Z] [API] GET /api/diagnosticos/search 200 (7ms)
[2026-02-27T20:57:27.711Z] [API] GET /api/diagnosticos/search 200 (9ms)
[2026-02-27T20:57:29.105Z] [API] GET /api/diagnosticos/search 200 (7ms)
[2026-02-27T20:57:29.108Z] [API] GET /api/diagnosticos/search 200 (10ms)
[2026-02-27T20:57:32.406Z] [API] GET /api/equipos-electro/disponibilidad 200 (8ms)
[2026-02-27T20:57:32.411Z] [API] GET /api/equipos-electro/disponibilidad 200 (13ms)
[2026-02-27T21:07:54.341Z] [API] GET / 200 (44ms)
[2026-02-27T21:08:02.905Z] [API] GET / 200 (4ms)
[2026-02-27T21:08:20.926Z] [API] GET / 200 (3ms)
[2026-02-27T21:08:45.720Z] [API] GET /api/equipos-electro 200 (25ms)
[2026-02-27T21:08:45.722Z] [API] GET /api/equipos-electro 304 (27ms)
[2026-02-27T21:08:45.736Z] [API] GET /api/citas-electro 200 (8ms)
[2026-02-27T21:08:45.738Z] [API] GET /api/citas-electro 304 (10ms)
[2026-02-27T21:09:12.653Z] [API] GET /api/estudios/duracion 200 (12ms)
[2026-02-27T21:09:12.654Z] [API] GET /api/estudios/duracion 200 (14ms)
[2026-02-27T21:09:12.660Z] [API] GET /api/estudios/duracion 200 (2ms)
[2026-02-27T21:09:12.662Z] [API] GET /api/estudios/duracion 304 (3ms)
[2026-02-27T21:09:42.110Z] [API] GET /api/diagnosticos/search 200 (13ms)
[2026-02-27T21:09:42.113Z] [API] GET /api/diagnosticos/search 200 (16ms)
[2026-02-27T21:09:42.124Z] [API] GET /api/diagnosticos/search 200 (7ms)
[2026-02-27T21:09:42.125Z] [API] GET /api/diagnosticos/search 304 (8ms)
[2026-02-27T21:09:45.209Z] [API] GET /api/diagnosticos/search 200 (16ms)
[2026-02-27T21:09:45.211Z] [API] GET /api/diagnosticos/search 200 (19ms)
[2026-02-27T21:09:45.240Z] [API] GET /api/diagnosticos/search 200 (16ms)
[2026-02-27T21:09:45.241Z] [API] GET /api/diagnosticos/search 304 (18ms)
[2026-02-27T21:09:54.744Z] [API] GET /api/equipos-electro/disponibilidad 200 (7ms)
[2026-02-27T21:09:54.749Z] [API] GET /api/equipos-electro/disponibilidad 200 (10ms)
[2026-02-27T21:09:54.766Z] [API] GET /api/equipos-electro/disponibilidad 200 (9ms)
[2026-02-27T21:09:54.768Z] [API] GET /api/equipos-electro/disponibilidad 304 (12ms)
[2026-02-27T21:10:11.748Z] [API] GET /api/pacientes 200 (14ms)
[2026-02-27T21:10:11.750Z] [API] GET /api/pacientes 304 (17ms)
[2026-02-27T21:10:11.758Z] [API] GET /api/pacientes 200 (4ms)
[2026-02-27T21:10:11.763Z] [API] GET /api/pacientes 304 (8ms)
[2026-02-27T21:10:56.261Z] [API] GET /api/equipos-electro/disponibilidad 200 (5ms)
[2026-02-27T21:10:56.264Z] [API] GET /api/equipos-electro/disponibilidad 200 (8ms)
[2026-02-27T21:10:56.274Z] [API] GET /api/equipos-electro/disponibilidad 200 (4ms)
[2026-02-27T21:10:56.276Z] [API] GET /api/equipos-electro/disponibilidad 304 (5ms)
[2026-02-27T21:11:57.063Z] [API] PATCH /api/citas-electro/56 200 (43ms)
[2026-02-27T21:11:57.066Z] [API] PATCH /api/citas-electro/56 200 (47ms)
[2026-02-27T21:11:57.072Z] [API] GET /api/citas-electro 200 (1ms)
[2026-02-27T21:11:57.076Z] [API] GET /api/citas-electro 200 (4ms)
[2026-02-27T21:12:36.073Z] [API] GET /api/estudios/duracion 200 (2ms)
[2026-02-27T21:12:36.077Z] [API] GET /api/estudios/duracion 304 (5ms)
[2026-02-27T21:12:36.089Z] [API] GET /api/estudios/duracion 200 (4ms)
[2026-02-27T21:12:36.094Z] [API] GET /api/estudios/duracion 304 (7ms)
[2026-02-27T21:12:36.104Z] [API] GET /api/equipos-electro/disponibilidad 200 (4ms)
[2026-02-27T21:12:36.106Z] [API] GET /api/equipos-electro/disponibilidad 304 (7ms)
[2026-02-27T21:12:36.113Z] [API] GET /api/equipos-electro/disponibilidad 200 (3ms)
[2026-02-27T21:12:36.115Z] [API] GET /api/equipos-electro/disponibilidad 304 (5ms)
[2026-02-27T21:12:39.752Z] [API] GET /api/equipos-electro/disponibilidad 200 (6ms)
[2026-02-27T21:12:39.755Z] [API] GET /api/equipos-electro/disponibilidad 200 (8ms)
[2026-02-27T21:12:39.765Z] [API] GET /api/equipos-electro/disponibilidad 200 (8ms)
[2026-02-27T21:12:39.768Z] [API] GET /api/equipos-electro/disponibilidad 304 (11ms)
[2026-02-27T21:12:48.866Z] [SUCCESS] COMMIT: Transaction | {"duration":"26ms"}
[2026-02-27T21:12:48.869Z] [API] POST /api/citas-electro 200 (30ms)
[2026-02-27T21:12:48.871Z] [API] POST /api/citas-electro 200 (32ms)
[2026-02-27T21:12:48.891Z] [API] GET /api/citas-electro 200 (3ms)
[2026-02-27T21:12:48.894Z] [API] GET /api/citas-electro 200 (6ms)
[2026-02-27T21:12:55.718Z] [API] GET /api/estudios/duracion 200 (2ms)
[2026-02-27T21:12:55.719Z] [API] GET /api/estudios/duracion 304 (4ms)
[2026-02-27T21:12:55.725Z] [API] GET /api/estudios/duracion 200 (2ms)
[2026-02-27T21:12:55.728Z] [API] GET /api/estudios/duracion 304 (6ms)
[2026-02-27T21:12:58.618Z] [API] GET /api/equipos-electro/disponibilidad 200 (3ms)
[2026-02-27T21:12:58.620Z] [API] GET /api/equipos-electro/disponibilidad 200 (5ms)
[2026-02-27T21:12:58.625Z] [API] GET /api/equipos-electro/disponibilidad 200 (2ms)
[2026-02-27T21:12:58.627Z] [API] GET /api/equipos-electro/disponibilidad 304 (3ms)
[2026-02-27T21:13:48.492Z] [API] GET /api/citas-electro 200 (3ms)
[2026-02-27T21:13:48.495Z] [API] GET /api/citas-electro 304 (5ms)
[2026-02-27T21:13:48.507Z] [API] GET /api/citas-electro 200 (7ms)
[2026-02-27T21:13:48.509Z] [API] GET /api/citas-electro 304 (9ms)
[2026-02-27T21:13:49.510Z] [API] GET /api/citas-electro 200 (2ms)
[2026-02-27T21:13:49.513Z] [API] GET /api/citas-electro 304 (4ms)
[2026-02-27T21:13:49.526Z] [API] GET /api/citas-electro 200 (2ms)
[2026-02-27T21:13:49.528Z] [API] GET /api/citas-electro 304 (4ms)
[2026-02-27T21:13:51.171Z] [API] GET /api/citas-electro 200 (2ms)
[2026-02-27T21:13:51.172Z] [API] GET /api/citas-electro 304 (3ms)
[2026-02-27T21:13:51.177Z] [API] GET /api/citas-electro 200 (1ms)
[2026-02-27T21:13:51.178Z] [API] GET /api/citas-electro 304 (3ms)
[2026-02-27T21:13:51.675Z] [API] GET /api/citas-electro 200 (1ms)
[2026-02-27T21:13:51.677Z] [API] GET /api/citas-electro 304 (3ms)
[2026-02-27T21:13:51.689Z] [API] GET /api/citas-electro 200 (5ms)
[2026-02-27T21:13:51.698Z] [API] GET /api/citas-electro 304 (15ms)
[2026-02-27T21:13:52.310Z] [API] GET /api/citas-electro 200 (2ms)
[2026-02-27T21:13:52.312Z] [API] GET /api/citas-electro 304 (4ms)
[2026-02-27T21:13:52.323Z] [API] GET /api/citas-electro 200 (3ms)
[2026-02-27T21:13:52.325Z] [API] GET /api/citas-electro 304 (5ms)
[2026-02-27T21:13:53.416Z] [API] GET /api/citas-electro 200 (4ms)
[2026-02-27T21:13:53.421Z] [API] GET /api/citas-electro 304 (9ms)
[2026-02-27T21:13:53.427Z] [API] GET /api/citas-electro 200 (2ms)
[2026-02-27T21:13:53.429Z] [API] GET /api/citas-electro 304 (3ms)
[2026-02-27T21:14:18.257Z] [API] GET /api/estudios/duracion 200 (2ms)
[2026-02-27T21:14:18.259Z] [API] GET /api/estudios/duracion 200 (4ms)
[2026-02-27T21:14:18.278Z] [API] GET /api/estudios/duracion 200 (4ms)
[2026-02-27T21:14:18.281Z] [API] GET /api/estudios/duracion 304 (7ms)
[2026-02-27T21:14:18.293Z] [API] GET /api/equipos-electro/disponibilidad 200 (17ms)
[2026-02-27T21:14:18.294Z] [API] GET /api/equipos-electro/disponibilidad 200 (19ms)
[2026-02-27T21:14:18.300Z] [API] GET /api/equipos-electro/disponibilidad 200 (3ms)
[2026-02-27T21:14:18.302Z] [API] GET /api/equipos-electro/disponibilidad 304 (5ms)
[2026-02-27T21:14:33.133Z] [API] GET /api/pacientes 200 (6ms)
[2026-02-27T21:14:33.135Z] [API] GET /api/pacientes 304 (9ms)
[2026-02-27T21:14:33.142Z] [API] GET /api/pacientes 200 (2ms)
[2026-02-27T21:14:33.144Z] [API] GET /api/pacientes 304 (5ms)
[2026-02-27T21:14:34.203Z] [API] GET /api/pacientes 200 (2ms)
[2026-02-27T21:14:34.205Z] [API] GET /api/pacientes 304 (4ms)
[2026-02-27T21:14:34.211Z] [API] GET /api/pacientes 200 (1ms)
[2026-02-27T21:14:34.213Z] [API] GET /api/pacientes 304 (4ms)
[2026-02-27T21:14:35.270Z] [API] GET /api/pacientes 200 (2ms)
[2026-02-27T21:14:35.272Z] [API] GET /api/pacientes 304 (5ms)
[2026-02-27T21:14:35.278Z] [API] GET /api/pacientes 200 (3ms)
[2026-02-27T21:14:35.284Z] [API] GET /api/pacientes 304 (9ms)
[2026-02-27T21:14:36.223Z] [SUCCESS] COMMIT: Transaction | {"duration":"14ms"}
[2026-02-27T21:14:36.224Z] [API] POST /api/citas-electro 200 (16ms)
[2026-02-27T21:14:36.225Z] [API] POST /api/citas-electro 200 (17ms)
[2026-02-27T21:14:36.239Z] [API] GET /api/citas-electro 200 (6ms)
[2026-02-27T21:14:36.241Z] [API] GET /api/citas-electro 200 (8ms)
[2026-02-27T21:14:40.357Z] [API] GET /api/estudios/duracion 200 (1ms)
[2026-02-27T21:14:40.358Z] [API] GET /api/estudios/duracion 304 (3ms)
[2026-02-27T21:14:40.365Z] [API] GET /api/estudios/duracion 200 (3ms)
[2026-02-27T21:14:40.367Z] [API] GET /api/estudios/duracion 304 (6ms)
[2026-02-27T21:14:44.096Z] [API] GET /api/estudios/duracion 200 (3ms)
[2026-02-27T21:14:44.098Z] [API] GET /api/estudios/duracion 304 (5ms)
[2026-02-27T21:14:44.103Z] [API] GET /api/estudios/duracion 200 (2ms)
[2026-02-27T21:14:44.104Z] [API] GET /api/estudios/duracion 304 (3ms)
[2026-02-27T21:14:47.577Z] [API] GET /api/equipos-electro/disponibilidad 200 (3ms)
[2026-02-27T21:14:47.579Z] [API] GET /api/equipos-electro/disponibilidad 200 (4ms)
[2026-02-27T21:14:47.585Z] [API] GET /api/equipos-electro/disponibilidad 200 (2ms)
[2026-02-27T21:14:47.586Z] [API] GET /api/equipos-electro/disponibilidad 304 (4ms)
[2026-02-27T21:14:57.001Z] [API] GET /api/pacientes 200 (2ms)
[2026-02-27T21:14:57.003Z] [API] GET /api/pacientes 304 (4ms)
[2026-02-27T21:14:57.010Z] [API] GET /api/pacientes 200 (2ms)
[2026-02-27T21:14:57.015Z] [API] GET /api/pacientes 304 (7ms)
[2026-02-27T21:15:17.428Z] [API] GET /api/equipos-electro/disponibilidad 200 (3ms)
[2026-02-27T21:15:17.432Z] [API] GET /api/equipos-electro/disponibilidad 200 (7ms)
[2026-02-27T21:15:17.438Z] [API] GET /api/equipos-electro/disponibilidad 200 (3ms)
[2026-02-27T21:15:17.441Z] [API] GET /api/equipos-electro/disponibilidad 304 (5ms)
[2026-02-27T21:15:17.587Z] [SUCCESS] COMMIT: Transaction | {"duration":"8ms"}
[2026-02-27T21:15:17.589Z] [API] POST /api/citas-electro 200 (11ms)
[2026-02-27T21:15:17.590Z] [API] POST /api/citas-electro 200 (12ms)
[2026-02-27T21:15:17.601Z] [API] GET /api/citas-electro 200 (6ms)
[2026-02-27T21:15:17.607Z] [API] GET /api/citas-electro 200 (12ms)
[2026-02-27T21:15:20.287Z] [API] GET /api/estudios/duracion 200 (1ms)
[2026-02-27T21:15:20.289Z] [API] GET /api/estudios/duracion 304 (3ms)
[2026-02-27T21:15:20.293Z] [API] GET /api/estudios/duracion 200 (2ms)
[2026-02-27T21:15:20.295Z] [API] GET /api/estudios/duracion 304 (3ms)
[2026-02-27T21:15:23.573Z] [API] GET /api/equipos-electro/disponibilidad 200 (5ms)
[2026-02-27T21:15:23.577Z] [API] GET /api/equipos-electro/disponibilidad 200 (9ms)
[2026-02-27T21:15:23.588Z] [API] GET /api/equipos-electro/disponibilidad 200 (5ms)
[2026-02-27T21:15:23.590Z] [API] GET /api/equipos-electro/disponibilidad 304 (7ms)
[2026-02-27T21:16:01.928Z] [API] GET /api/equipos-electro/disponibilidad 200 (6ms)
[2026-02-27T21:16:01.932Z] [API] GET /api/equipos-electro/disponibilidad 200 (9ms)
[2026-02-27T21:16:01.944Z] [API] GET /api/equipos-electro/disponibilidad 200 (5ms)
[2026-02-27T21:16:01.947Z] [API] GET /api/equipos-electro/disponibilidad 304 (8ms)
[2026-02-27T21:16:15.876Z] [API] GET /api/equipos-electro/disponibilidad 200 (15ms)
[2026-02-27T21:16:15.878Z] [API] GET /api/equipos-electro/disponibilidad 200 (16ms)
[2026-02-27T21:16:15.884Z] [API] GET /api/equipos-electro/disponibilidad 200 (3ms)
[2026-02-27T21:16:15.910Z] [API] GET /api/equipos-electro/disponibilidad 304 (29ms)
[2026-02-27T21:16:45.920Z] [API] PATCH /api/citas-electro/57 200 (20ms)
[2026-02-27T21:16:45.922Z] [API] PATCH /api/citas-electro/57 200 (22ms)
[2026-02-27T21:16:45.945Z] [API] GET /api/citas-electro 200 (5ms)
[2026-02-27T21:16:45.949Z] [API] GET /api/citas-electro 200 (10ms)
[2026-02-27T21:17:01.738Z] [API] GET /api/equipos-electro/disponibilidad 200 (3ms)
[2026-02-27T21:17:01.739Z] [API] GET /api/equipos-electro/disponibilidad 200 (4ms)
[2026-02-27T21:17:01.747Z] [API] GET /api/equipos-electro/disponibilidad 200 (2ms)
[2026-02-27T21:17:01.748Z] [API] GET /api/equipos-electro/disponibilidad 304 (4ms)
[2026-02-27T21:18:20.947Z] [API] GET /api/medicos 200 (6ms)
[2026-02-27T21:18:20.950Z] [API] GET /api/medicos 304 (9ms)
[2026-02-27T21:18:22.093Z] [API] GET /api/medicos 200 (2ms)
[2026-02-27T21:18:22.102Z] [API] GET /api/medicos 304 (11ms)
[2026-02-27T21:18:22.125Z] [API] GET /api/medicos 200 (8ms)
[2026-02-27T21:18:22.131Z] [API] GET /api/medicos 304 (14ms)
[2026-02-27T21:18:22.143Z] [API] GET /api/doctor-disponibilidad/6 200 (31ms)
[2026-02-27T21:18:22.159Z] [API] GET /api/doctor-disponibilidad/6 304 (47ms)
[2026-02-27T21:18:22.178Z] [API] GET /api/turnos 200 (60ms)
[2026-02-27T21:18:22.180Z] [API] GET /api/turnos 304 (62ms)
[2026-02-27T21:18:22.199Z] [API] GET /api/doctor-disponibilidad 200 (8ms)
[2026-02-27T21:18:22.203Z] [API] GET /api/doctor-disponibilidad 304 (11ms)
[2026-02-27T21:18:22.630Z] [API] GET /api/doctor-agenda-files 200 (15ms)
[2026-02-27T21:18:22.631Z] [API] GET /api/doctor-agenda-files 304 (16ms)
[2026-02-27T21:18:27.559Z] [API] GET / 200 (5ms)
[2026-02-27T21:18:27.650Z] [API] GET /style.css 200 (11ms)
[2026-02-27T21:18:27.678Z] [API] GET /images/logo3.png 200 (5ms)
[2026-02-27T21:18:27.686Z] [API] GET /images/iconrecibos.png 200 (12ms)
[2026-02-27T21:18:27.704Z] [API] GET /socket-client.js 200 (12ms)
[2026-02-27T21:18:27.725Z] [API] GET /images/iconagenda.png 200 (35ms)
[2026-02-27T21:18:27.731Z] [API] GET /socket-electro.js 200 (7ms)
[2026-02-27T21:18:27.743Z] [API] GET /calendario-bloqueado.js 200 (3ms)
[2026-02-27T21:18:27.754Z] [API] GET /app.js 200 (15ms)
[2026-02-27T21:18:27.757Z] [API] GET /validation-client.js 200 (1ms)
[2026-02-27T21:18:27.956Z] [API] GET /images/iconelectro.png 200 (4ms)
[2026-02-27T21:18:27.965Z] [API] GET /images/iconuser.png 200 (4ms)
[2026-02-27T21:18:28.041Z] [API] GET /images/logo.png 200 (5ms)
[2026-02-27T21:18:28.045Z] [API] GET /images/logo1.png 200 (5ms)
[2026-02-27T21:18:28.068Z] [API] GET /api/recibos 200 (6ms)
[2026-02-27T21:18:28.072Z] [API] GET /api/recibos 200 (10ms)
[2026-02-27T21:18:28.077Z] [API] GET /api/sesion 200 (3ms)
[2026-02-27T21:18:28.079Z] [API] GET /api/sesion 200 (4ms)
[2026-02-27T21:18:28.086Z] [API] GET /images/icon.png 200 (9ms)
[2026-02-27T21:18:28.090Z] [API] GET /images/fondo.png 200 (13ms)
[2026-02-27T21:18:28.208Z] [API] GET /images/bck3.jpeg 200 (132ms)
[2026-02-27T21:18:28.440Z] [API] GET /images/icon.png 304 (1ms)
[2026-02-27T21:18:33.456Z] [API] POST /api/login 200 (100ms)
[2026-02-27T21:18:33.459Z] [API] POST /api/login 200 (103ms)
[2026-02-27T21:18:33.476Z] [API] GET /images/fondo.png 304 (2ms)
[2026-02-27T21:18:33.520Z] [API] GET /images/icon.png 304 (4ms)
[2026-02-27T21:18:37.676Z] [API] GET /api/medicos 200 (15ms)
[2026-02-27T21:18:37.681Z] [API] GET /api/medicos 200 (19ms)
[2026-02-27T21:18:37.710Z] [API] GET /images/icon.png 304 (1ms)
[2026-02-27T21:18:37.724Z] [API] GET /api/doctor-disponibilidad/6 200 (5ms)
[2026-02-27T21:18:37.725Z] [API] GET /api/doctor-disponibilidad/6 200 (7ms)
[2026-02-27T21:18:37.728Z] [API] GET /api/turnos 200 (9ms)
[2026-02-27T21:18:37.731Z] [API] GET /api/turnos 200 (11ms)
[2026-02-27T21:18:37.755Z] [API] GET /api/doctor-disponibilidad 200 (15ms)
[2026-02-27T21:18:37.756Z] [API] GET /api/doctor-disponibilidad 200 (16ms)
[2026-02-27T21:18:38.223Z] [API] GET /api/doctor-agenda-files 200 (4ms)
[2026-02-27T21:18:38.224Z] [API] GET /api/doctor-agenda-files 200 (5ms)
[2026-02-27T21:18:45.636Z] [API] GET /api/doctor-agenda 200 (8ms)
[2026-02-27T21:18:45.638Z] [API] GET /api/doctor-agenda 200 (10ms)
[2026-02-27T21:18:45.643Z] [API] GET /api/doctor-agenda-files 200 (1ms)
[2026-02-27T21:18:45.644Z] [API] GET /api/doctor-agenda-files 304 (2ms)
[2026-02-27T21:18:46.525Z] [API] GET /uploads/1771887016907-Libro1.xlsx 200 (3ms)
[2026-02-27T21:18:56.162Z] [API] POST /api/doctor-disponibilidad/validar 200 (5ms)
[2026-02-27T21:18:56.165Z] [API] POST /api/doctor-disponibilidad/validar 200 (7ms)
[2026-02-27T21:18:56.172Z] [API] GET /api/turnos 200 (3ms)
[2026-02-27T21:18:56.174Z] [API] GET /api/turnos 304 (4ms)
[2026-02-27T21:18:56.176Z] [API] GET /api/doctor-disponibilidad 200 (7ms)
[2026-02-27T21:18:56.182Z] [API] GET /api/doctor-disponibilidad 304 (13ms)
[2026-02-27T21:18:57.632Z] [API] POST /api/doctor-disponibilidad/validar 200 (3ms)
[2026-02-27T21:18:57.634Z] [API] POST /api/doctor-disponibilidad/validar 200 (6ms)
[2026-02-27T21:18:57.638Z] [API] GET /api/turnos 200 (2ms)
[2026-02-27T21:18:57.640Z] [API] GET /api/turnos 304 (4ms)
[2026-02-27T21:18:57.642Z] [API] GET /api/doctor-disponibilidad 200 (6ms)
[2026-02-27T21:18:57.645Z] [API] GET /api/doctor-disponibilidad 304 (9ms)
[2026-02-27T21:18:58.725Z] [API] POST /api/doctor-disponibilidad/validar 200 (1ms)
[2026-02-27T21:18:58.727Z] [API] POST /api/doctor-disponibilidad/validar 200 (3ms)
[2026-02-27T21:19:02.121Z] [API] POST /api/doctor-disponibilidad/validar 200 (3ms)
[2026-02-27T21:19:02.123Z] [API] POST /api/doctor-disponibilidad/validar 200 (6ms)
[2026-02-27T21:19:02.128Z] [API] GET /api/turnos 200 (8ms)
[2026-02-27T21:19:02.129Z] [API] GET /api/turnos 304 (10ms)
[2026-02-27T21:19:02.134Z] [API] GET /api/doctor-disponibilidad 200 (15ms)
[2026-02-27T21:19:02.139Z] [API] GET /api/doctor-disponibilidad 304 (21ms)
[2026-02-27T21:19:05.056Z] [API] POST /api/doctor-disponibilidad/validar 200 (2ms)
[2026-02-27T21:19:05.062Z] [API] POST /api/doctor-disponibilidad/validar 200 (8ms)
[2026-02-27T21:19:06.537Z] [API] GET /api/pacientes 200 (3ms)
[2026-02-27T21:19:06.540Z] [API] GET /api/pacientes 200 (5ms)
[2026-02-27T21:19:22.338Z] [API] GET / 200 (2ms)
[2026-02-27T21:19:22.388Z] [API] GET /style.css 200 (3ms)
[2026-02-27T21:19:22.526Z] [API] GET /images/iconrecibos.png 200 (3ms)
[2026-02-27T21:19:22.529Z] [API] GET /images/logo3.png 200 (5ms)
[2026-02-27T21:19:22.535Z] [API] GET /socket-client.js 200 (2ms)
[2026-02-27T21:19:22.540Z] [API] GET /images/iconagenda.png 200 (9ms)
[2026-02-27T21:19:22.550Z] [API] GET /socket-electro.js 200 (4ms)
[2026-02-27T21:19:22.556Z] [API] GET /app.js 200 (8ms)
[2026-02-27T21:19:22.561Z] [API] GET /calendario-bloqueado.js 200 (1ms)
[2026-02-27T21:19:22.566Z] [API] GET /validation-client.js 200 (2ms)
[2026-02-27T21:19:22.617Z] [API] GET /images/iconelectro.png 200 (6ms)
[2026-02-27T21:19:22.672Z] [API] GET /images/iconuser.png 304 (0ms)
[2026-02-27T21:19:22.683Z] [API] GET /images/logo.png 304 (2ms)
[2026-02-27T21:19:22.690Z] [API] GET /images/logo1.png 304 (1ms)
[2026-02-27T21:19:23.010Z] [API] GET /api/recibos 200 (3ms)
[2026-02-27T21:19:23.013Z] [API] GET /api/recibos 304 (6ms)
[2026-02-27T21:19:23.047Z] [API] GET /images/bck3.jpeg 304 (6ms)
[2026-02-27T21:19:23.057Z] [API] GET /images/fondo.png 304 (13ms)
[2026-02-27T21:19:23.059Z] [API] GET /api/sesion 200 (19ms)
[2026-02-27T21:19:23.061Z] [API] GET /images/icon.png 304 (15ms)
[2026-02-27T21:19:23.064Z] [API] GET /api/sesion 200 (24ms)
[2026-02-27T21:19:23.093Z] [API] GET /api/recibos 200 (2ms)
[2026-02-27T21:19:23.095Z] [API] GET /api/recibos 304 (4ms)
[2026-02-27T21:19:23.102Z] [API] GET /api/recibos 200 (2ms)
[2026-02-27T21:19:23.105Z] [API] GET /api/recibos 304 (6ms)
[2026-02-27T21:19:23.109Z] [API] GET /api/recibos 200 (2ms)
[2026-02-27T21:19:23.110Z] [API] GET /api/recibos 304 (3ms)
[2026-02-27T21:19:23.127Z] [API] GET /images/icon.png 304 (1ms)
[2026-02-27T21:19:23.138Z] [API] GET /images/icon.png 304 (6ms)
[2026-02-27T21:19:23.139Z] [API] GET /api/recibos 200 (9ms)
[2026-02-27T21:19:23.141Z] [API] GET /api/recibos 304 (11ms)
[2026-02-27T21:19:28.173Z] [API] GET / 200 (2ms)
[2026-02-27T21:19:28.295Z] [API] GET /style.css 200 (2ms)
[2026-02-27T21:19:28.327Z] [API] GET /images/logo3.png 304 (1ms)
[2026-02-27T21:19:28.328Z] [API] GET /images/iconrecibos.png 304 (2ms)
[2026-02-27T21:19:28.393Z] [API] GET /images/iconagenda.png 304 (1ms)
[2026-02-27T21:19:28.395Z] [API] GET /socket-client.js 200 (3ms)
[2026-02-27T21:19:28.400Z] [API] GET /socket-electro.js 200 (1ms)
[2026-02-27T21:19:28.403Z] [API] GET /app.js 200 (2ms)
[2026-02-27T21:19:28.406Z] [API] GET /calendario-bloqueado.js 200 (2ms)
[2026-02-27T21:19:28.411Z] [API] GET /validation-client.js 200 (0ms)
[2026-02-27T21:19:28.423Z] [API] GET /images/iconelectro.png 304 (1ms)
[2026-02-27T21:19:28.431Z] [API] GET /images/iconuser.png 304 (0ms)
[2026-02-27T21:19:28.439Z] [API] GET /images/logo.png 304 (1ms)
[2026-02-27T21:19:28.442Z] [API] GET /images/logo1.png 304 (1ms)
[2026-02-27T21:19:28.600Z] [API] GET /api/recibos 200 (3ms)
[2026-02-27T21:19:28.604Z] [API] GET /api/recibos 304 (7ms)
[2026-02-27T21:19:28.624Z] [API] GET /api/sesion 200 (5ms)
[2026-02-27T21:19:28.631Z] [API] GET /api/sesion 304 (22ms)
[2026-02-27T21:19:28.639Z] [API] GET /images/bck3.jpeg 304 (29ms)
[2026-02-27T21:19:28.661Z] [API] GET /images/fondo.png 304 (50ms)
[2026-02-27T21:19:28.666Z] [API] GET /images/icon.png 304 (5ms)
[2026-02-27T21:19:33.138Z] [API] POST /api/login 401 (79ms)
[2026-02-27T21:19:33.139Z] [API] POST /api/login 401 (79ms)
[2026-02-27T21:19:34.021Z] [API] POST /api/login 200 (70ms)
[2026-02-27T21:19:34.022Z] [API] POST /api/login 200 (71ms)
[2026-02-27T21:19:34.036Z] [API] GET /images/fondo.png 304 (0ms)
[2026-02-27T21:19:36.396Z] [API] GET /api/usuarios 200 (6ms)
[2026-02-27T21:19:36.399Z] [API] GET /api/usuarios 200 (10ms)
[2026-02-27T21:20:06.887Z] [API] PATCH /api/usuarios/6 200 (20ms)
[2026-02-27T21:20:06.888Z] [API] PATCH /api/usuarios/6 200 (21ms)
[2026-02-27T21:20:06.893Z] [API] GET /api/usuarios 200 (1ms)
[2026-02-27T21:20:06.894Z] [API] GET /api/usuarios 304 (2ms)
[2026-02-27T21:20:13.080Z] [API] GET / 304 (3ms)
[2026-02-27T21:20:13.126Z] [API] GET /style.css 304 (2ms)
[2026-02-27T21:20:13.135Z] [API] GET /images/logo3.png 304 (2ms)
[2026-02-27T21:20:13.138Z] [API] GET /images/iconrecibos.png 304 (5ms)
[2026-02-27T21:20:13.199Z] [API] GET /socket-client.js 304 (3ms)
[2026-02-27T21:20:13.205Z] [API] GET /images/iconagenda.png 304 (9ms)
[2026-02-27T21:20:13.213Z] [API] GET /socket-electro.js 304 (2ms)
[2026-02-27T21:20:13.221Z] [API] GET /calendario-bloqueado.js 304 (5ms)
[2026-02-27T21:20:13.228Z] [API] GET /app.js 304 (9ms)
[2026-02-27T21:20:13.230Z] [API] GET /validation-client.js 304 (12ms)
[2026-02-27T21:20:13.239Z] [API] GET /images/iconuser.png 304 (20ms)
[2026-02-27T21:20:13.242Z] [API] GET /images/iconelectro.png 304 (23ms)
[2026-02-27T21:20:13.245Z] [API] GET /images/logo.png 304 (18ms)
[2026-02-27T21:20:13.248Z] [API] GET /images/logo1.png 304 (3ms)
[2026-02-27T21:20:13.261Z] [API] GET /api/recibos 200 (2ms)
[2026-02-27T21:20:13.279Z] [API] GET /api/recibos 304 (20ms)
[2026-02-27T21:20:13.289Z] [API] GET /images/bck3.jpeg 304 (7ms)
[2026-02-27T21:20:13.291Z] [API] GET /images/fondo.png 304 (9ms)
[2026-02-27T21:20:13.292Z] [API] GET /images/icon.png 304 (8ms)
[2026-02-27T21:20:13.294Z] [API] GET /api/sesion 200 (12ms)
[2026-02-27T21:20:13.296Z] [API] GET /api/sesion 304 (15ms)
[2026-02-27T21:20:13.321Z] [API] GET /api/medicos 200 (3ms)
[2026-02-27T21:20:13.323Z] [API] GET /api/medicos 200 (5ms)
[2026-02-27T21:20:13.324Z] [API] GET /api/recibos 200 (4ms)
[2026-02-27T21:20:13.326Z] [API] GET /api/recibos 304 (5ms)
[2026-02-27T21:20:13.335Z] [API] GET /api/doctor-disponibilidad/6 200 (6ms)
[2026-02-27T21:20:13.339Z] [API] GET /api/medicos 200 (9ms)
[2026-02-27T21:20:13.341Z] [API] GET /api/doctor-disponibilidad/6 304 (11ms)
[2026-02-27T21:20:13.342Z] [API] GET /api/medicos 304 (11ms)
[2026-02-27T21:20:13.354Z] [API] GET /api/recibos 200 (22ms)
[2026-02-27T21:20:13.359Z] [API] GET /api/recibos 304 (27ms)
[2026-02-27T21:20:13.363Z] [API] GET /api/turnos 200 (29ms)
[2026-02-27T21:20:13.374Z] [API] GET /api/turnos 304 (41ms)
[2026-02-27T21:20:13.386Z] [API] GET /api/recibos 200 (6ms)
[2026-02-27T21:20:13.397Z] [API] GET /api/recibos 304 (18ms)
[2026-02-27T21:20:13.409Z] [API] GET /images/icon.png 304 (2ms)
[2026-02-27T21:20:13.411Z] [API] GET /api/recibos 200 (3ms)
[2026-02-27T21:20:13.412Z] [API] GET /api/recibos 304 (4ms)
[2026-02-27T21:20:13.414Z] [API] GET /api/doctor-disponibilidad 200 (8ms)
[2026-02-27T21:20:13.418Z] [API] GET /api/doctor-disponibilidad 304 (12ms)
[2026-02-27T21:20:13.836Z] [API] GET /api/doctor-agenda-files 200 (3ms)
[2026-02-27T21:20:13.838Z] [API] GET /api/doctor-agenda-files 304 (5ms)
[2026-02-27T21:20:20.414Z] [API] POST /api/doctor-disponibilidad/validar 200 (5ms)
[2026-02-27T21:20:20.420Z] [API] POST /api/doctor-disponibilidad/validar 200 (12ms)
[2026-02-27T21:20:20.427Z] [API] GET /api/turnos 200 (3ms)
[2026-02-27T21:20:20.430Z] [API] GET /api/turnos 304 (6ms)
[2026-02-27T21:20:20.433Z] [API] GET /api/doctor-disponibilidad 200 (14ms)
[2026-02-27T21:20:20.438Z] [API] GET /api/doctor-disponibilidad 304 (18ms)
[2026-02-27T21:20:22.102Z] [API] POST /api/doctor-disponibilidad/validar 200 (1ms)
[2026-02-27T21:20:22.105Z] [API] POST /api/doctor-disponibilidad/validar 200 (5ms)
[2026-02-27T21:20:23.920Z] [API] GET /api/pacientes 200 (14ms)
[2026-02-27T21:20:23.922Z] [API] GET /api/pacientes 304 (16ms)
[2026-02-27T21:20:30.855Z] [API] POST /api/turnos 200 (28ms)
[2026-02-27T21:20:30.859Z] [API] POST /api/turnos 200 (31ms)
[2026-02-27T21:20:30.871Z] [API] GET /api/turnos 200 (5ms)
[2026-02-27T21:20:30.872Z] [API] GET /api/turnos 304 (7ms)
[2026-02-27T21:20:30.880Z] [API] GET /api/turnos 200 (2ms)
[2026-02-27T21:20:30.883Z] [API] GET /api/turnos 200 (6ms)
[2026-02-27T21:20:30.909Z] [API] GET /images/up.svg 304 (3ms)
[2026-02-27T21:20:30.912Z] [API] GET /images/edit.svg 304 (5ms)
[2026-02-27T21:20:30.916Z] [API] GET /images/down.svg 304 (9ms)
[2026-02-27T21:20:30.922Z] [API] GET /images/delete.svg 304 (15ms)
[2026-02-27T21:20:32.872Z] [API] GET / 304 (0ms)
[2026-02-27T21:20:32.895Z] [API] GET /style.css 304 (1ms)
[2026-02-27T21:20:32.906Z] [API] GET /images/logo3.png 304 (1ms)
[2026-02-27T21:20:32.910Z] [API] GET /images/iconrecibos.png 304 (4ms)
[2026-02-27T21:20:32.970Z] [API] GET /images/iconagenda.png 304 (1ms)
[2026-02-27T21:20:32.972Z] [API] GET /socket-client.js 304 (3ms)
[2026-02-27T21:20:32.988Z] [API] GET /socket-electro.js 304 (9ms)
[2026-02-27T21:20:32.994Z] [API] GET /app.js 304 (16ms)
[2026-02-27T21:20:32.995Z] [API] GET /calendario-bloqueado.js 304 (14ms)
[2026-02-27T21:20:33.004Z] [API] GET /validation-client.js 304 (20ms)
[2026-02-27T21:20:33.008Z] [API] GET /images/iconelectro.png 304 (22ms)
[2026-02-27T21:20:33.009Z] [API] GET /images/iconuser.png 304 (23ms)
[2026-02-27T21:20:33.031Z] [API] GET /images/logo1.png 304 (22ms)
[2026-02-27T21:20:33.039Z] [API] GET /images/logo.png 304 (32ms)
[2026-02-27T21:20:33.042Z] [API] GET /images/bck3.jpeg 304 (14ms)
[2026-02-27T21:20:33.043Z] [API] GET /images/fondo.png 304 (15ms)
[2026-02-27T21:20:33.044Z] [API] GET /api/recibos 200 (23ms)
[2026-02-27T21:20:33.050Z] [API] GET /api/sesion 200 (23ms)
[2026-02-27T21:20:33.054Z] [API] GET /api/recibos 304 (33ms)
[2026-02-27T21:20:33.055Z] [API] GET /api/sesion 200 (28ms)
[2026-02-27T21:20:33.057Z] [API] GET /images/icon.png 304 (15ms)
[2026-02-27T21:20:33.076Z] [API] GET /api/medicos 200 (5ms)
[2026-02-27T21:20:33.084Z] [API] GET /api/medicos 200 (13ms)
[2026-02-27T21:20:33.090Z] [API] GET /api/recibos 200 (17ms)
[2026-02-27T21:20:33.099Z] [API] GET /api/recibos 304 (22ms)
[2026-02-27T21:20:33.123Z] [API] GET /images/icon.png 304 (27ms)
[2026-02-27T21:20:33.125Z] [API] GET /api/doctor-disponibilidad/6 200 (5ms)
[2026-02-27T21:20:33.127Z] [API] GET /api/doctor-disponibilidad/6 304 (7ms)
[2026-02-27T21:20:33.132Z] [API] GET /api/turnos 200 (11ms)
[2026-02-27T21:20:33.136Z] [API] GET /api/turnos 304 (15ms)
[2026-02-27T21:20:33.137Z] [API] GET /api/recibos 200 (15ms)
[2026-02-27T21:20:33.138Z] [API] GET /api/recibos 304 (16ms)
[2026-02-27T21:20:33.142Z] [API] GET /api/recibos 200 (2ms)
[2026-02-27T21:20:33.143Z] [API] GET /api/recibos 304 (3ms)
[2026-02-27T21:20:33.170Z] [API] GET /api/recibos 200 (7ms)
[2026-02-27T21:20:33.178Z] [API] GET /api/recibos 304 (16ms)
[2026-02-27T21:20:33.189Z] [API] GET /api/doctor-disponibilidad 200 (20ms)
[2026-02-27T21:20:33.196Z] [API] GET /api/doctor-disponibilidad 304 (26ms)
[2026-02-27T21:20:33.603Z] [API] GET /api/doctor-agenda-files 200 (2ms)
[2026-02-27T21:20:33.606Z] [API] GET /api/doctor-agenda-files 304 (4ms)
[2026-02-27T21:20:36.049Z] [API] POST /api/doctor-disponibilidad/validar 200 (2ms)
[2026-02-27T21:20:36.054Z] [API] POST /api/doctor-disponibilidad/validar 200 (6ms)
[2026-02-27T21:20:36.061Z] [API] GET /api/turnos 200 (12ms)
[2026-02-27T21:20:36.065Z] [API] GET /api/turnos 200 (16ms)
[2026-02-27T21:20:36.068Z] [API] GET /api/doctor-disponibilidad 200 (20ms)
[2026-02-27T21:20:36.070Z] [API] GET /api/doctor-disponibilidad 200 (22ms)
[2026-02-27T21:20:39.271Z] [API] POST /api/doctor-disponibilidad/validar 200 (2ms)
[2026-02-27T21:20:39.274Z] [API] POST /api/doctor-disponibilidad/validar 200 (4ms)
[2026-02-27T21:20:44.337Z] [API] GET /api/turnos/get-next-number 200 (8ms)
[2026-02-27T21:20:44.339Z] [API] GET /api/turnos/get-next-number 200 (10ms)
[2026-02-27T21:20:44.350Z] [API] PATCH /api/turnos/64/numero 200 (7ms)
[2026-02-27T21:20:44.352Z] [API] PATCH /api/turnos/64/numero 200 (9ms)
[2026-02-27T21:20:44.362Z] [API] PATCH /api/turnos/64/estado 200 (5ms)
[2026-02-27T21:20:44.364Z] [API] PATCH /api/turnos/64/estado 200 (8ms)
[2026-02-27T21:20:44.372Z] [API] GET /api/turnos 200 (2ms)
[2026-02-27T21:20:44.373Z] [API] GET /api/turnos 200 (3ms)
[2026-02-27T21:20:46.669Z] [API] GET / 304 (1ms)
[2026-02-27T21:20:46.702Z] [API] GET /style.css 304 (1ms)
[2026-02-27T21:20:46.709Z] [API] GET /images/logo3.png 304 (1ms)
[2026-02-27T21:20:46.710Z] [API] GET /images/iconrecibos.png 304 (2ms)
[2026-02-27T21:20:46.751Z] [API] GET /images/iconagenda.png 304 (1ms)
[2026-02-27T21:20:46.752Z] [API] GET /socket-client.js 304 (2ms)
[2026-02-27T21:20:46.760Z] [API] GET /socket-electro.js 304 (5ms)
[2026-02-27T21:20:46.762Z] [API] GET /app.js 304 (6ms)
[2026-02-27T21:20:46.768Z] [API] GET /calendario-bloqueado.js 304 (12ms)
[2026-02-27T21:20:46.773Z] [API] GET /validation-client.js 304 (14ms)
[2026-02-27T21:20:46.776Z] [API] GET /images/iconelectro.png 304 (15ms)
[2026-02-27T21:20:46.784Z] [API] GET /images/iconuser.png 304 (23ms)
[2026-02-27T21:20:46.791Z] [API] GET /images/logo.png 304 (18ms)
[2026-02-27T21:20:46.793Z] [API] GET /images/logo1.png 304 (21ms)
[2026-02-27T21:20:46.800Z] [API] GET /api/recibos 200 (24ms)
[2026-02-27T21:20:46.809Z] [API] GET /api/recibos 304 (34ms)
[2026-02-27T21:20:46.812Z] [API] GET /images/bck3.jpeg 304 (22ms)
[2026-02-27T21:20:46.819Z] [API] GET /images/fondo.png 304 (24ms)
[2026-02-27T21:20:46.823Z] [API] GET /images/icon.png 304 (10ms)
[2026-02-27T21:20:46.825Z] [API] GET /api/sesion 200 (35ms)
[2026-02-27T21:20:46.827Z] [API] GET /api/sesion 304 (36ms)
[2026-02-27T21:20:46.837Z] [API] GET /images/icon.png 304 (2ms)
[2026-02-27T21:20:46.843Z] [API] GET /api/medicos 200 (2ms)
[2026-02-27T21:20:46.844Z] [API] GET /api/medicos 304 (3ms)
[2026-02-27T21:20:46.845Z] [API] GET /api/recibos 200 (3ms)
[2026-02-27T21:20:46.852Z] [API] GET /api/recibos 304 (9ms)
[2026-02-27T21:20:46.856Z] [API] GET /api/recibos 200 (1ms)
[2026-02-27T21:20:46.859Z] [API] GET /api/recibos 304 (4ms)
[2026-02-27T21:20:46.868Z] [API] GET /api/doctor-disponibilidad/6 200 (7ms)
[2026-02-27T21:20:46.872Z] [API] GET /api/turnos 200 (11ms)
[2026-02-27T21:20:46.873Z] [API] GET /api/doctor-disponibilidad/6 304 (12ms)
[2026-02-27T21:20:46.874Z] [API] GET /api/turnos 304 (13ms)
[2026-02-27T21:20:46.877Z] [API] GET /api/recibos 200 (12ms)
[2026-02-27T21:20:46.879Z] [API] GET /api/recibos 304 (14ms)
[2026-02-27T21:20:46.888Z] [API] GET /api/recibos 200 (2ms)
[2026-02-27T21:20:46.890Z] [API] GET /api/recibos 304 (3ms)
[2026-02-27T21:20:46.941Z] [API] GET /api/doctor-disponibilidad 200 (2ms)
[2026-02-27T21:20:46.943Z] [API] GET /api/doctor-disponibilidad 304 (3ms)
[2026-02-27T21:20:47.371Z] [API] GET /api/doctor-agenda-files 200 (2ms)
[2026-02-27T21:20:47.374Z] [API] GET /api/doctor-agenda-files 304 (4ms)
[2026-02-27T21:20:50.005Z] [API] POST /api/doctor-disponibilidad/validar 200 (3ms)
[2026-02-27T21:20:50.007Z] [API] POST /api/doctor-disponibilidad/validar 200 (5ms)
[2026-02-27T21:20:50.011Z] [API] GET /api/turnos 200 (7ms)
[2026-02-27T21:20:50.014Z] [API] GET /api/turnos 200 (9ms)
[2026-02-27T21:20:50.018Z] [API] GET /api/doctor-disponibilidad 200 (15ms)
[2026-02-27T21:20:50.022Z] [API] GET /api/doctor-disponibilidad 304 (19ms)
[2026-02-27T21:20:51.087Z] [API] POST /api/doctor-disponibilidad/validar 200 (2ms)
[2026-02-27T21:20:51.090Z] [API] POST /api/doctor-disponibilidad/validar 200 (5ms)
[2026-02-27T21:20:51.179Z] [API] POST /api/turnos/llamar-siguiente 200 (17ms)
[2026-02-27T21:20:51.183Z] [API] POST /api/turnos/llamar-siguiente 200 (20ms)
[2026-02-27T21:20:51.199Z] [API] GET /api/turnos 200 (5ms)
[2026-02-27T21:20:51.202Z] [API] GET /api/turnos 200 (7ms)
[2026-02-27T21:21:00.272Z] [API] POST /api/turnos/llamar-siguiente 200 (3ms)
[2026-02-27T21:21:00.274Z] [API] POST /api/turnos/llamar-siguiente 200 (5ms)
[2026-02-27T21:21:00.288Z] [API] GET /api/turnos 200 (7ms)
[2026-02-27T21:21:00.294Z] [API] GET /api/turnos 304 (13ms)
[2026-02-27T21:21:07.038Z] [API] GET /api/turnos 200 (3ms)
[2026-02-27T21:21:07.040Z] [API] GET /api/turnos 304 (5ms)
[2026-02-27T21:21:07.058Z] [API] POST /api/turnos/marcar-atendido 200 (7ms)
[2026-02-27T21:21:07.060Z] [API] POST /api/turnos/marcar-atendido 200 (9ms)
[2026-02-27T21:21:07.070Z] [API] GET /api/turnos 200 (2ms)
[2026-02-27T21:21:07.071Z] [API] GET /api/turnos 200 (3ms)
[2026-02-27T21:21:09.032Z] [API] GET / 304 (1ms)
[2026-02-27T21:21:09.064Z] [API] GET /style.css 304 (3ms)
[2026-02-27T21:21:09.069Z] [API] GET /images/logo3.png 304 (1ms)
[2026-02-27T21:21:09.070Z] [API] GET /images/iconrecibos.png 304 (2ms)
[2026-02-27T21:21:09.122Z] [API] GET /images/iconagenda.png 304 (1ms)
[2026-02-27T21:21:09.124Z] [API] GET /socket-client.js 304 (3ms)
[2026-02-27T21:21:09.137Z] [API] GET /socket-electro.js 304 (4ms)
[2026-02-27T21:21:09.139Z] [API] GET /app.js 304 (6ms)
[2026-02-27T21:21:09.141Z] [API] GET /calendario-bloqueado.js 304 (7ms)
[2026-02-27T21:21:09.145Z] [API] GET /images/iconelectro.png 304 (10ms)
[2026-02-27T21:21:09.155Z] [API] GET /validation-client.js 304 (19ms)
[2026-02-27T21:21:09.158Z] [API] GET /images/iconuser.png 304 (13ms)
[2026-02-27T21:21:09.160Z] [API] GET /images/logo.png 304 (3ms)
[2026-02-27T21:21:09.161Z] [API] GET /images/logo1.png 304 (4ms)
[2026-02-27T21:21:09.169Z] [API] GET /api/recibos 200 (11ms)
[2026-02-27T21:21:09.171Z] [API] GET /api/recibos 304 (13ms)
[2026-02-27T21:21:09.186Z] [API] GET /images/fondo.png 304 (8ms)
[2026-02-27T21:21:09.187Z] [API] GET /images/bck3.jpeg 304 (9ms)
[2026-02-27T21:21:09.192Z] [API] GET /images/icon.png 304 (13ms)
[2026-02-27T21:21:09.194Z] [API] GET /api/sesion 200 (16ms)
[2026-02-27T21:21:09.195Z] [API] GET /api/sesion 304 (18ms)
[2026-02-27T21:21:09.227Z] [API] GET /api/medicos 200 (2ms)
[2026-02-27T21:21:09.228Z] [API] GET /api/medicos 304 (3ms)
[2026-02-27T21:21:09.231Z] [API] GET /api/recibos 200 (5ms)
[2026-02-27T21:21:09.238Z] [API] GET /api/recibos 304 (11ms)
[2026-02-27T21:21:09.242Z] [API] GET /api/recibos 200 (1ms)
[2026-02-27T21:21:09.243Z] [API] GET /api/recibos 304 (3ms)
[2026-02-27T21:21:09.260Z] [API] GET /api/recibos 200 (3ms)
[2026-02-27T21:21:09.273Z] [API] GET /api/recibos 304 (16ms)
[2026-02-27T21:21:09.282Z] [API] GET /api/doctor-disponibilidad/6 200 (4ms)
[2026-02-27T21:21:09.290Z] [API] GET /api/doctor-disponibilidad/6 304 (12ms)
[2026-02-27T21:21:09.292Z] [API] GET /api/medicos 200 (14ms)
[2026-02-27T21:21:09.294Z] [API] GET /api/medicos 304 (17ms)
[2026-02-27T21:21:09.297Z] [API] GET /images/icon.png 304 (18ms)
[2026-02-27T21:21:09.303Z] [API] GET /api/turnos 200 (26ms)
[2026-02-27T21:21:09.307Z] [API] GET /api/turnos 304 (30ms)
[2026-02-27T21:21:09.309Z] [API] GET /api/recibos 200 (15ms)
[2026-02-27T21:21:09.312Z] [API] GET /api/recibos 304 (18ms)
[2026-02-27T21:21:09.360Z] [API] GET /api/doctor-disponibilidad 200 (2ms)
[2026-02-27T21:21:09.372Z] [API] GET /api/doctor-disponibilidad 304 (15ms)
[2026-02-27T21:21:09.770Z] [API] GET /api/doctor-agenda-files 200 (1ms)
[2026-02-27T21:21:09.772Z] [API] GET /api/doctor-agenda-files 304 (3ms)
[2026-02-27T21:21:13.015Z] [API] POST /api/doctor-disponibilidad/validar 200 (2ms)
[2026-02-27T21:21:13.018Z] [API] POST /api/doctor-disponibilidad/validar 200 (5ms)
[2026-02-27T21:21:13.021Z] [API] GET /api/turnos 200 (2ms)
[2026-02-27T21:21:13.023Z] [API] GET /api/turnos 200 (4ms)
[2026-02-27T21:21:13.025Z] [API] GET /api/doctor-disponibilidad 200 (6ms)
[2026-02-27T21:21:13.026Z] [API] GET /api/doctor-disponibilidad 304 (7ms)
[2026-02-27T21:21:13.038Z] [API] GET /images/up.svg 304 (3ms)
[2026-02-27T21:21:13.043Z] [API] GET /images/down.svg 304 (6ms)
[2026-02-27T21:21:13.047Z] [API] GET /images/edit.svg 304 (11ms)
[2026-02-27T21:21:13.057Z] [API] GET /images/delete.svg 304 (20ms)
[2026-02-27T21:21:14.468Z] [API] POST /api/doctor-disponibilidad/validar 200 (1ms)
[2026-02-27T21:21:14.507Z] [API] POST /api/doctor-disponibilidad/validar 200 (41ms)
[2026-02-27T21:21:20.878Z] [API] GET /api/medicos 200 (4ms)
[2026-02-27T21:21:20.881Z] [API] GET /api/medicos 200 (7ms)
[2026-02-27T21:21:20.899Z] [API] GET /api/turnos 200 (5ms)
[2026-02-27T21:21:20.901Z] [API] GET /api/turnos 200 (8ms)
[2026-02-27T21:21:20.910Z] [API] GET /api/doctor-disponibilidad/6 200 (15ms)
[2026-02-27T21:21:20.914Z] [API] GET /api/doctor-disponibilidad/6 200 (18ms)
[2026-02-27T21:21:20.926Z] [API] GET /api/doctor-disponibilidad 200 (3ms)
[2026-02-27T21:21:20.927Z] [API] GET /api/doctor-disponibilidad 200 (4ms)
[2026-02-27T21:21:23.566Z] [API] POST /api/doctor-disponibilidad/validar 200 (1ms)
[2026-02-27T21:21:23.568Z] [API] POST /api/doctor-disponibilidad/validar 200 (3ms)
[2026-02-27T21:21:23.572Z] [API] GET /api/doctor-disponibilidad 200 (6ms)
[2026-02-27T21:21:23.574Z] [API] GET /api/doctor-disponibilidad 200 (8ms)
[2026-02-27T21:21:23.576Z] [API] GET /api/turnos 200 (5ms)
[2026-02-27T21:21:23.581Z] [API] GET /api/turnos 200 (9ms)
[2026-02-27T21:21:23.605Z] [API] GET /images/up.svg 200 (6ms)
[2026-02-27T21:21:23.609Z] [API] GET /images/edit.svg 200 (6ms)
[2026-02-27T21:21:23.613Z] [API] GET /images/down.svg 200 (10ms)
[2026-02-27T21:21:23.619Z] [API] GET /images/delete.svg 200 (15ms)
[2026-02-27T21:21:25.464Z] [API] POST /api/doctor-disponibilidad/validar 200 (2ms)
[2026-02-27T21:21:25.468Z] [API] POST /api/doctor-disponibilidad/validar 200 (5ms)
[2026-02-27T21:21:26.601Z] [API] DELETE /api/turnos/64 200 (12ms)
[2026-02-27T21:21:26.606Z] [API] DELETE /api/turnos/64 200 (16ms)
[2026-02-27T21:21:26.609Z] [API] GET /api/turnos 200 (2ms)
[2026-02-27T21:21:26.610Z] [API] GET /api/turnos 200 (3ms)
[2026-02-27T21:21:26.615Z] [API] GET /api/turnos 200 (3ms)
[2026-02-27T21:21:26.619Z] [API] GET /api/turnos 304 (7ms)
[2026-02-27T21:26:07.452Z] [API] GET /api/equipos-electro 200 (13ms)
[2026-02-27T21:26:07.454Z] [API] GET /api/equipos-electro 304 (15ms)
[2026-02-27T21:26:07.464Z] [API] GET /api/citas-electro 200 (5ms)
[2026-02-27T21:26:07.465Z] [API] GET /api/citas-electro 304 (6ms)
[2026-02-27T21:26:11.274Z] [API] GET /api/estudios/duracion 200 (11ms)
[2026-02-27T21:26:11.276Z] [API] GET /api/estudios/duracion 304 (13ms)
[2026-02-27T21:26:14.067Z] [API] GET /api/equipos-electro/disponibilidad 200 (6ms)
[2026-02-27T21:26:14.069Z] [API] GET /api/equipos-electro/disponibilidad 304 (9ms)
[2026-02-27T21:26:33.880Z] [API] GET /api/citas-electro 200 (3ms)
[2026-02-27T21:26:33.883Z] [API] GET /api/citas-electro 200 (6ms)
[2026-02-27T21:26:33.890Z] [API] GET /api/equipos-electro/disponibilidad 200 (2ms)
[2026-02-27T21:26:33.892Z] [API] GET /api/equipos-electro/disponibilidad 200 (3ms)
[2026-02-27T21:26:36.035Z] [API] GET /api/equipos-electro/disponibilidad 200 (5ms)
[2026-02-27T21:26:36.037Z] [API] GET /api/equipos-electro/disponibilidad 200 (7ms)
[2026-02-27T21:26:44.215Z] [API] GET / 200 (2ms)
[2026-02-27T21:26:44.323Z] [API] GET /style.css 200 (3ms)
[2026-02-27T21:26:44.688Z] [API] GET /images/logo3.png 200 (4ms)
[2026-02-27T21:26:44.696Z] [API] GET /images/iconrecibos.png 200 (11ms)
[2026-02-27T21:26:44.705Z] [API] GET /socket-client.js 200 (2ms)
[2026-02-27T21:26:44.709Z] [API] GET /images/iconagenda.png 200 (7ms)
[2026-02-27T21:26:44.717Z] [API] GET /socket-electro.js 200 (5ms)
[2026-02-27T21:26:44.723Z] [API] GET /app.js 200 (9ms)
[2026-02-27T21:26:44.724Z] [API] GET /calendario-bloqueado.js 200 (3ms)
[2026-02-27T21:26:44.729Z] [API] GET /validation-client.js 200 (2ms)
[2026-02-27T21:26:45.446Z] [API] GET /images/iconelectro.png 200 (4ms)
[2026-02-27T21:26:45.465Z] [API] GET /images/logo.png 200 (10ms)
[2026-02-27T21:26:45.468Z] [API] GET /images/iconuser.png 200 (15ms)
[2026-02-27T21:26:45.515Z] [API] GET /images/logo1.png 200 (3ms)
[2026-02-27T21:26:45.536Z] [API] GET /api/recibos 200 (1ms)
[2026-02-27T21:26:45.537Z] [API] GET /api/recibos 200 (2ms)
[2026-02-27T21:26:45.561Z] [API] GET /api/sesion 200 (3ms)
[2026-02-27T21:26:45.567Z] [API] GET /api/sesion 200 (9ms)
[2026-02-27T21:26:45.571Z] [API] GET /images/icon.png 200 (11ms)
[2026-02-27T21:26:45.575Z] [API] GET /images/fondo.png 200 (14ms)
[2026-02-27T21:26:45.600Z] [API] GET /images/bck3.jpeg 200 (41ms)
[2026-02-27T21:26:45.656Z] [API] GET /images/icon.png 304 (3ms)
[2026-02-27T21:26:52.574Z] [API] POST /api/login 200 (64ms)
[2026-02-27T21:26:52.575Z] [API] POST /api/login 200 (66ms)
[2026-02-27T21:26:52.588Z] [API] GET /images/fondo.png 304 (0ms)
[2026-02-27T21:26:52.611Z] [API] GET /images/icon.png 304 (1ms)
[2026-02-27T21:26:53.831Z] [API] GET /api/equipos-electro 200 (5ms)
[2026-02-27T21:26:53.836Z] [API] GET /api/equipos-electro 200 (10ms)
[2026-02-27T21:26:53.869Z] [API] GET /images/icon.png 304 (8ms)
[2026-02-27T21:26:53.872Z] [API] GET /api/citas-electro 200 (7ms)
[2026-02-27T21:26:53.874Z] [API] GET /api/citas-electro 200 (9ms)
[2026-02-27T21:26:56.411Z] [API] DELETE /api/citas-electro/57 200 (30ms)
[2026-02-27T21:26:56.420Z] [API] DELETE /api/citas-electro/57 200 (38ms)
[2026-02-27T21:26:56.425Z] [API] GET /api/citas-electro 200 (3ms)
[2026-02-27T21:26:56.427Z] [API] GET /api/citas-electro 200 (4ms)
[2026-02-27T21:26:56.437Z] [API] GET /api/citas-electro 200 (3ms)
[2026-02-27T21:26:56.438Z] [API] GET /api/citas-electro 304 (4ms)
[2026-02-27T21:26:56.442Z] [API] GET /api/citas-electro 200 (2ms)
[2026-02-27T21:26:56.443Z] [API] GET /api/citas-electro 304 (3ms)
[2026-02-27T21:26:56.452Z] [API] GET /api/citas-electro 200 (3ms)
[2026-02-27T21:26:56.454Z] [API] GET /api/citas-electro 304 (5ms)
[2026-02-27T21:26:58.255Z] [API] DELETE /api/citas-electro/58 200 (5ms)
[2026-02-27T21:26:58.258Z] [API] DELETE /api/citas-electro/58 200 (8ms)
[2026-02-27T21:26:58.271Z] [API] GET /api/citas-electro 200 (10ms)
[2026-02-27T21:26:58.274Z] [API] GET /api/citas-electro 200 (12ms)
[2026-02-27T21:26:58.285Z] [API] GET /api/citas-electro 200 (8ms)
[2026-02-27T21:26:58.286Z] [API] GET /api/citas-electro 304 (9ms)
[2026-02-27T21:26:58.291Z] [API] GET /api/citas-electro 200 (2ms)
[2026-02-27T21:26:58.293Z] [API] GET /api/citas-electro 304 (4ms)
[2026-02-27T21:26:58.300Z] [API] GET /api/citas-electro 200 (3ms)
[2026-02-27T21:26:58.302Z] [API] GET /api/citas-electro 304 (5ms)
[2026-02-27T21:27:00.316Z] [API] DELETE /api/citas-electro/59 200 (7ms)
[2026-02-27T21:27:00.320Z] [API] DELETE /api/citas-electro/59 200 (12ms)
[2026-02-27T21:27:00.326Z] [API] GET /api/citas-electro 200 (2ms)
[2026-02-27T21:27:00.327Z] [API] GET /api/citas-electro 200 (4ms)
[2026-02-27T21:27:00.337Z] [API] GET /api/citas-electro 200 (3ms)
[2026-02-27T21:27:00.338Z] [API] GET /api/citas-electro 304 (4ms)
[2026-02-27T21:27:00.342Z] [API] GET /api/citas-electro 200 (2ms)
[2026-02-27T21:27:00.343Z] [API] GET /api/citas-electro 304 (3ms)
[2026-02-27T21:27:00.351Z] [API] GET /api/citas-electro 200 (3ms)
[2026-02-27T21:27:00.354Z] [API] GET /api/citas-electro 304 (6ms)
[2026-02-27T21:27:03.335Z] [API] DELETE /api/citas-electro/56 200 (21ms)
[2026-02-27T21:27:03.338Z] [API] DELETE /api/citas-electro/56 200 (23ms)
[2026-02-27T21:27:03.351Z] [API] GET /api/citas-electro 200 (9ms)
[2026-02-27T21:27:03.353Z] [API] GET /api/citas-electro 200 (12ms)
[2026-02-27T21:27:03.358Z] [API] GET /api/citas-electro 200 (3ms)
[2026-02-27T21:27:03.360Z] [API] GET /api/citas-electro 304 (5ms)
[2026-02-27T21:27:03.370Z] [API] GET /api/citas-electro 200 (2ms)
[2026-02-27T21:27:03.373Z] [API] GET /api/citas-electro 304 (5ms)
[2026-02-27T21:27:03.377Z] [API] GET /api/citas-electro 200 (2ms)
[2026-02-27T21:27:03.380Z] [API] GET /api/citas-electro 304 (5ms)
[2026-02-27T21:27:05.846Z] [API] GET / 304 (1ms)
[2026-02-27T21:27:05.880Z] [API] GET /style.css 304 (3ms)
[2026-02-27T21:27:05.885Z] [API] GET /images/logo3.png 304 (1ms)
[2026-02-27T21:27:05.888Z] [API] GET /images/iconrecibos.png 304 (3ms)
[2026-02-27T21:27:05.937Z] [API] GET /images/iconagenda.png 304 (2ms)
[2026-02-27T21:27:05.938Z] [API] GET /socket-client.js 304 (3ms)
[2026-02-27T21:27:05.946Z] [API] GET /socket-electro.js 304 (4ms)
[2026-02-27T21:27:05.951Z] [API] GET /app.js 304 (8ms)
[2026-02-27T21:27:05.953Z] [API] GET /validation-client.js 304 (10ms)
[2026-02-27T21:27:05.955Z] [API] GET /calendario-bloqueado.js 304 (12ms)
[2026-02-27T21:27:05.958Z] [API] GET /images/iconelectro.png 304 (13ms)
[2026-02-27T21:27:05.960Z] [API] GET /images/iconuser.png 304 (14ms)
[2026-02-27T21:27:05.967Z] [API] GET /images/logo.png 304 (10ms)
[2026-02-27T21:27:05.969Z] [API] GET /images/logo1.png 304 (3ms)
[2026-02-27T21:27:05.975Z] [API] GET /api/recibos 200 (9ms)
[2026-02-27T21:27:05.976Z] [API] GET /api/recibos 304 (11ms)
[2026-02-27T21:27:06.009Z] [API] GET /api/sesion 200 (2ms)
[2026-02-27T21:27:06.011Z] [API] GET /api/sesion 304 (4ms)
[2026-02-27T21:27:06.019Z] [API] GET /images/bck3.jpeg 304 (5ms)
[2026-02-27T21:27:06.022Z] [API] GET /images/fondo.png 304 (8ms)
[2026-02-27T21:27:06.025Z] [API] GET /images/icon.png 304 (10ms)
[2026-02-27T21:27:06.033Z] [API] GET /api/equipos-electro 200 (5ms)
[2026-02-27T21:27:06.041Z] [API] GET /api/equipos-electro 304 (14ms)
[2026-02-27T21:27:06.044Z] [API] GET /api/recibos 200 (2ms)
[2026-02-27T21:27:06.053Z] [API] GET /api/recibos 304 (11ms)
[2026-02-27T21:27:06.058Z] [API] GET /api/recibos 200 (2ms)
[2026-02-27T21:27:06.060Z] [API] GET /api/recibos 304 (4ms)
[2026-02-27T21:27:06.075Z] [API] GET /api/recibos 200 (2ms)
[2026-02-27T21:27:06.076Z] [API] GET /api/recibos 304 (3ms)
[2026-02-27T21:27:06.136Z] [API] GET /api/citas-electro 200 (11ms)
[2026-02-27T21:27:06.138Z] [API] GET /api/citas-electro 200 (13ms)
[2026-02-27T21:27:06.143Z] [API] GET /api/recibos 200 (7ms)
[2026-02-27T21:27:06.146Z] [API] GET /api/recibos 304 (9ms)
[2026-02-27T21:27:06.150Z] [API] GET /images/icon.png 304 (8ms)
[2026-02-27T21:27:08.993Z] [API] GET /api/estudios/duracion 200 (2ms)
[2026-02-27T21:27:08.994Z] [API] GET /api/estudios/duracion 304 (3ms)
[2026-02-27T21:27:13.369Z] [API] GET /api/equipos-electro/disponibilidad 200 (3ms)
[2026-02-27T21:27:13.371Z] [API] GET /api/equipos-electro/disponibilidad 200 (5ms)
[2026-02-27T21:27:15.851Z] [API] GET /api/pacientes 200 (1ms)
[2026-02-27T21:27:15.853Z] [API] GET /api/pacientes 304 (3ms)
[2026-02-27T21:27:18.754Z] [API] GET /api/equipos-electro/disponibilidad 200 (4ms)
[2026-02-27T21:27:18.756Z] [API] GET /api/equipos-electro/disponibilidad 200 (6ms)
[2026-02-27T21:27:18.841Z] [SUCCESS] COMMIT: Transaction | {"duration":"15ms"}
[2026-02-27T21:27:18.842Z] [API] POST /api/citas-electro 200 (17ms)
[2026-02-27T21:27:18.845Z] [API] POST /api/citas-electro 200 (19ms)
[2026-02-27T21:27:18.858Z] [API] GET /api/citas-electro 200 (4ms)
[2026-02-27T21:27:18.862Z] [API] GET /api/citas-electro 200 (9ms)
[2026-02-27T21:27:18.875Z] [API] GET /api/citas-electro 200 (4ms)
[2026-02-27T21:27:18.877Z] [API] GET /api/citas-electro 200 (5ms)
[2026-02-27T21:27:18.879Z] [API] GET /api/citas-electro 200 (7ms)
[2026-02-27T21:27:18.890Z] [API] GET /api/citas-electro 304 (17ms)
[2026-02-27T21:27:18.894Z] [API] GET /api/citas-electro 200 (1ms)
[2026-02-27T21:27:18.895Z] [API] GET /api/citas-electro 304 (2ms)
[2026-02-27T21:27:22.078Z] [API] GET /api/estudios/duracion 200 (2ms)
[2026-02-27T21:27:22.080Z] [API] GET /api/estudios/duracion 304 (3ms)
[2026-02-27T21:27:25.466Z] [API] GET /api/equipos-electro/disponibilidad 200 (4ms)
[2026-02-27T21:27:25.468Z] [API] GET /api/equipos-electro/disponibilidad 200 (5ms)
[2026-02-27T21:27:33.752Z] [API] GET /api/citas-electro 200 (3ms)
[2026-02-27T21:27:33.754Z] [API] GET /api/citas-electro 304 (5ms)
[2026-02-27T21:27:34.554Z] [API] GET /api/citas-electro 200 (1ms)
[2026-02-27T21:27:34.555Z] [API] GET /api/citas-electro 304 (3ms)
[2026-02-27T21:27:35.123Z] [API] GET /api/citas-electro 200 (1ms)
[2026-02-27T21:27:35.124Z] [API] GET /api/citas-electro 304 (3ms)
[2026-02-27T21:27:35.557Z] [API] GET /api/citas-electro 200 (3ms)
[2026-02-27T21:27:35.559Z] [API] GET /api/citas-electro 304 (6ms)
[2026-02-27T21:27:36.774Z] [API] GET /api/citas-electro 200 (2ms)
[2026-02-27T21:27:36.776Z] [API] GET /api/citas-electro 304 (4ms)
[2026-02-27T21:29:07.825Z] [INFO] ✅ Programador de backups automáticos iniciado | {"type":"STARTUP"}
[2026-02-27T21:29:58.504Z] [API] GET / 200 (11ms)
[2026-02-27T21:45:22.783Z] [INFO] ✅ Programador de backups automáticos iniciado | {"type":"STARTUP"}
[2026-02-27T21:45:27.205Z] [API] GET / 304 (8ms)
[2026-02-27T21:45:27.244Z] [API] GET /style.css 304 (5ms)
[2026-02-27T21:45:27.246Z] [API] GET /images/logo3.png 304 (4ms)
[2026-02-27T21:45:27.248Z] [API] GET /images/iconrecibos.png 304 (4ms)
[2026-02-27T21:45:27.293Z] [API] GET /images/iconagenda.png 304 (1ms)
[2026-02-27T21:45:27.294Z] [API] GET /socket-client.js 304 (2ms)
[2026-02-27T21:45:27.309Z] [API] GET /socket-electro.js 304 (10ms)
[2026-02-27T21:45:27.312Z] [API] GET /app.js 304 (11ms)
[2026-02-27T21:45:27.314Z] [API] GET /calendario-bloqueado.js 304 (13ms)
[2026-02-27T21:45:27.316Z] [API] GET /validation-client.js 304 (14ms)
[2026-02-27T21:45:27.320Z] [API] GET /images/iconelectro.png 304 (17ms)
[2026-02-27T21:45:27.332Z] [API] GET /images/iconuser.png 304 (4ms)
[2026-02-27T21:45:27.366Z] [API] GET /images/logo.png 304 (37ms)
[2026-02-27T21:45:27.370Z] [API] GET /images/logo1.png 304 (38ms)
[2026-02-27T21:45:27.445Z] [API] GET /api/sesion 200 (3ms)
[2026-02-27T21:45:27.448Z] [API] GET /api/sesion 200 (5ms)
[2026-02-27T21:45:27.449Z] [API] GET /images/fondo.png 304 (6ms)
[2026-02-27T21:45:27.456Z] [API] GET /images/bck3.jpeg 304 (13ms)
[2026-02-27T21:45:27.460Z] [API] GET /images/icon.png 304 (16ms)
[2026-02-27T21:45:27.529Z] [API] GET /api/recibos 200 (198ms)
[2026-02-27T21:45:27.530Z] [API] GET /api/recibos 304 (200ms)
[2026-02-27T21:45:27.655Z] [API] GET /images/icon.png 304 (5ms)
[2026-02-27T21:45:31.294Z] [API] GET / 304 (1ms)
[2026-02-27T21:45:31.324Z] [API] GET /style.css 304 (1ms)
[2026-02-27T21:45:31.330Z] [API] GET /images/logo3.png 304 (1ms)
[2026-02-27T21:45:31.331Z] [API] GET /images/iconrecibos.png 304 (2ms)
[2026-02-27T21:45:31.382Z] [API] GET /images/iconagenda.png 304 (1ms)
[2026-02-27T21:45:31.383Z] [API] GET /socket-client.js 304 (2ms)
[2026-02-27T21:45:31.394Z] [API] GET /socket-electro.js 304 (4ms)
[2026-02-27T21:45:31.396Z] [API] GET /app.js 304 (5ms)
[2026-02-27T21:45:31.400Z] [API] GET /calendario-bloqueado.js 304 (8ms)
[2026-02-27T21:45:31.413Z] [API] GET /validation-client.js 304 (20ms)
[2026-02-27T21:45:31.421Z] [API] GET /images/iconelectro.png 304 (6ms)
[2026-02-27T21:45:31.430Z] [API] GET /images/iconuser.png 304 (13ms)
[2026-02-27T21:45:31.433Z] [API] GET /images/logo.png 304 (16ms)
[2026-02-27T21:45:31.438Z] [API] GET /images/logo1.png 304 (20ms)
[2026-02-27T21:45:31.450Z] [API] GET /api/recibos 200 (33ms)
[2026-02-27T21:45:31.455Z] [API] GET /api/recibos 304 (38ms)
[2026-02-27T21:45:31.460Z] [API] GET /api/sesion 200 (13ms)
[2026-02-27T21:45:31.461Z] [API] GET /api/sesion 304 (15ms)
[2026-02-27T21:45:31.463Z] [API] GET /images/bck3.jpeg 304 (16ms)
[2026-02-27T21:45:31.465Z] [API] GET /images/fondo.png 304 (18ms)
[2026-02-27T21:45:31.467Z] [API] GET /images/icon.png 304 (19ms)
[2026-02-27T21:45:31.480Z] [API] GET /images/icon.png 304 (1ms)
[2026-02-27T21:45:36.308Z] [API] POST /api/login 200 (77ms)
[2026-02-27T21:45:36.311Z] [API] POST /api/login 200 (79ms)
[2026-02-27T21:45:37.074Z] [API] GET /api/equipos-electro 200 (20ms)
[2026-02-27T21:45:37.077Z] [API] GET /api/equipos-electro 304 (22ms)
[2026-02-27T21:45:37.100Z] [API] GET /api/citas-electro 200 (16ms)
[2026-02-27T21:45:37.102Z] [API] GET /api/citas-electro 304 (17ms)
[2026-02-27T21:45:41.584Z] [API] POST /api/login 200 (78ms)
[2026-02-27T21:45:41.585Z] [API] POST /api/login 200 (79ms)
[2026-02-27T21:45:41.612Z] [API] GET /images/icon.png 304 (6ms)
[2026-02-27T21:45:44.731Z] [API] GET /api/medicos 200 (8ms)
[2026-02-27T21:45:44.735Z] [API] GET /api/medicos 200 (12ms)
[2026-02-27T21:45:44.741Z] [API] GET /images/icon.png 304 (2ms)
[2026-02-27T21:45:44.757Z] [API] GET /api/doctor-disponibilidad/6 200 (13ms)
[2026-02-27T21:45:44.759Z] [API] GET /api/doctor-disponibilidad/6 200 (15ms)
[2026-02-27T21:45:44.769Z] [API] GET /api/turnos 200 (22ms)
[2026-02-27T21:45:44.773Z] [API] GET /api/turnos 200 (26ms)
[2026-02-27T21:45:44.794Z] [API] GET /api/doctor-disponibilidad 200 (12ms)
[2026-02-27T21:45:44.796Z] [API] GET /api/doctor-disponibilidad 200 (14ms)
[2026-02-27T21:45:46.824Z] [API] GET /images/icon.png 304 (1ms)
[2026-02-27T21:45:47.605Z] [API] GET /api/equipos-electro 200 (20ms)
[2026-02-27T21:45:47.607Z] [API] GET /api/equipos-electro 304 (22ms)
[2026-02-27T21:45:47.610Z] [API] GET /images/icon.png 304 (2ms)
[2026-02-27T21:45:47.625Z] [API] GET /api/citas-electro 200 (9ms)
[2026-02-27T21:45:47.626Z] [API] GET /api/citas-electro 304 (11ms)
[2026-02-27T21:45:50.781Z] [API] DELETE /api/citas-electro/60 200 (24ms)
[2026-02-27T21:45:50.792Z] [API] DELETE /api/citas-electro/60 200 (36ms)
[2026-02-27T21:45:50.799Z] [API] GET /api/citas-electro 200 (3ms)
[2026-02-27T21:45:50.803Z] [API] GET /api/citas-electro 200 (5ms)
[2026-02-27T21:45:50.809Z] [API] GET /api/citas-electro 200 (13ms)
[2026-02-27T21:45:50.810Z] [API] GET /api/citas-electro 200 (13ms)
[2026-02-27T21:45:50.815Z] [API] GET /api/citas-electro 200 (3ms)
[2026-02-27T21:45:50.817Z] [API] GET /api/citas-electro 304 (4ms)
[2026-02-27T21:45:50.821Z] [API] GET /api/citas-electro 200 (7ms)
[2026-02-27T21:45:50.827Z] [API] GET /api/citas-electro 304 (14ms)
[2026-02-27T21:45:50.830Z] [API] GET /api/citas-electro 200 (2ms)
[2026-02-27T21:45:50.831Z] [API] GET /api/citas-electro 304 (3ms)
[2026-02-27T21:45:50.836Z] [API] GET /api/citas-electro 200 (5ms)
[2026-02-27T21:45:50.843Z] [API] GET /api/citas-electro 304 (14ms)
[2026-02-27T21:45:50.846Z] [API] GET /api/citas-electro 200 (12ms)
[2026-02-27T21:45:50.847Z] [API] GET /api/citas-electro 304 (13ms)
[2026-02-27T21:45:52.227Z] [API] GET /images/icon.png 304 (2ms)
[2026-02-27T21:45:54.949Z] [API] GET /images/icon.png 304 (1ms)
[2026-02-27T21:45:54.954Z] [API] GET /api/medicos 200 (14ms)
[2026-02-27T21:45:54.958Z] [API] GET /api/medicos 304 (18ms)
[2026-02-27T21:45:54.978Z] [API] GET /api/doctor-disponibilidad/6 200 (7ms)
[2026-02-27T21:45:54.980Z] [API] GET /api/doctor-disponibilidad/6 304 (10ms)
[2026-02-27T21:45:54.983Z] [API] GET /api/turnos 200 (10ms)
[2026-02-27T21:45:54.986Z] [API] GET /api/turnos 304 (12ms)
[2026-02-27T21:45:54.998Z] [API] GET /api/doctor-disponibilidad 200 (3ms)
[2026-02-27T21:45:54.999Z] [API] GET /api/doctor-disponibilidad 304 (5ms)
[2026-02-27T21:45:59.632Z] [API] GET /api/medicos 200 (2ms)
[2026-02-27T21:45:59.635Z] [API] GET /api/medicos 304 (4ms)
[2026-02-27T21:46:00.455Z] [API] GET /api/medicos 200 (5ms)
[2026-02-27T21:46:00.460Z] [API] GET /api/medicos 304 (11ms)
[2026-02-27T21:46:00.476Z] [API] GET /api/doctor-disponibilidad/6 200 (5ms)
[2026-02-27T21:46:00.491Z] [API] GET /api/doctor-disponibilidad/6 304 (20ms)
[2026-02-27T21:46:00.494Z] [API] GET /api/medicos 200 (2ms)
[2026-02-27T21:46:00.496Z] [API] GET /api/medicos 304 (3ms)
[2026-02-27T21:46:00.497Z] [API] GET /api/turnos 200 (5ms)
[2026-02-27T21:46:00.498Z] [API] GET /api/turnos 304 (6ms)
[2026-02-27T21:46:00.512Z] [API] GET /api/doctor-disponibilidad 200 (2ms)
[2026-02-27T21:46:00.514Z] [API] GET /api/doctor-disponibilidad 304 (3ms)
[2026-02-27T21:46:00.998Z] [API] GET /api/doctor-agenda-files 200 (17ms)
[2026-02-27T21:46:01.001Z] [API] GET /api/doctor-agenda-files 304 (19ms)
[2026-02-27T21:46:03.453Z] [API] POST /api/doctor-disponibilidad/validar 200 (9ms)
[2026-02-27T21:46:03.456Z] [API] POST /api/doctor-disponibilidad/validar 200 (12ms)
[2026-02-27T21:46:03.459Z] [API] POST /api/doctor-disponibilidad/validar 200 (8ms)
[2026-02-27T21:46:03.462Z] [API] POST /api/doctor-disponibilidad/validar 200 (12ms)
[2026-02-27T21:46:03.465Z] [API] GET /api/doctor-disponibilidad 200 (16ms)
[2026-02-27T21:46:03.467Z] [API] GET /api/doctor-disponibilidad 200 (19ms)
[2026-02-27T21:46:03.475Z] [API] GET /api/doctor-disponibilidad 200 (6ms)
[2026-02-27T21:46:03.476Z] [API] GET /api/doctor-disponibilidad 304 (7ms)
[2026-02-27T21:46:03.482Z] [API] GET /api/turnos 200 (32ms)
[2026-02-27T21:46:03.484Z] [API] GET /api/turnos 200 (33ms)
[2026-02-27T21:46:03.494Z] [API] GET /api/turnos 200 (5ms)
[2026-02-27T21:46:03.496Z] [API] GET /api/turnos 304 (7ms)
[2026-02-27T21:46:05.178Z] [API] POST /api/doctor-disponibilidad/validar 200 (3ms)
[2026-02-27T21:46:05.184Z] [API] POST /api/doctor-disponibilidad/validar 200 (8ms)
[2026-02-27T21:46:05.189Z] [API] POST /api/doctor-disponibilidad/validar 200 (17ms)
[2026-02-27T21:46:05.192Z] [API] POST /api/doctor-disponibilidad/validar 200 (20ms)
[2026-02-27T21:46:06.662Z] [API] POST /api/doctor-disponibilidad/validar 200 (3ms)
[2026-02-27T21:46:06.664Z] [API] POST /api/doctor-disponibilidad/validar 200 (4ms)
[2026-02-27T21:46:06.668Z] [API] GET /api/turnos 200 (7ms)
[2026-02-27T21:46:06.672Z] [API] GET /api/turnos 200 (10ms)
[2026-02-27T21:46:06.679Z] [API] GET /api/doctor-disponibilidad 200 (18ms)
[2026-02-27T21:46:06.685Z] [API] GET /api/doctor-disponibilidad 304 (23ms)
[2026-02-27T21:46:06.966Z] [API] POST /api/doctor-disponibilidad/validar 200 (4ms)
[2026-02-27T21:46:06.977Z] [API] POST /api/doctor-disponibilidad/validar 200 (16ms)
[2026-02-27T21:46:08.954Z] [API] GET /api/pacientes 200 (10ms)
[2026-02-27T21:46:08.956Z] [API] GET /api/pacientes 304 (12ms)
[2026-02-27T21:46:16.458Z] [API] POST /api/turnos 200 (26ms)
[2026-02-27T21:46:16.464Z] [API] POST /api/turnos 200 (33ms)
[2026-02-27T21:46:16.473Z] [API] GET /api/turnos 200 (6ms)
[2026-02-27T21:46:16.476Z] [API] GET /api/turnos 200 (8ms)
[2026-02-27T21:46:16.478Z] [API] GET /api/turnos 200 (11ms)
[2026-02-27T21:46:16.481Z] [API] GET /api/turnos 200 (13ms)
[2026-02-27T21:46:16.486Z] [API] GET /api/turnos 200 (3ms)
[2026-02-27T21:46:16.496Z] [API] GET /api/turnos 304 (13ms)
[2026-02-27T21:46:16.523Z] [API] GET /images/up.svg 304 (24ms)
[2026-02-27T21:46:16.529Z] [API] GET /images/delete.svg 304 (27ms)
[2026-02-27T21:46:16.540Z] [API] GET /images/down.svg 304 (29ms)
[2026-02-27T21:46:16.543Z] [API] GET /images/edit.svg 304 (30ms)
[2026-02-27T21:46:16.547Z] [API] GET /images/edit.svg 200 (45ms)
[2026-02-27T21:46:16.549Z] [API] GET /images/delete.svg 200 (48ms)
[2026-02-27T21:46:16.550Z] [API] GET /images/up.svg 200 (52ms)
[2026-02-27T21:46:16.559Z] [API] GET /images/down.svg 200 (59ms)
[2026-02-27T21:46:19.431Z] [API] GET /api/turnos/get-next-number 200 (4ms)
[2026-02-27T21:46:19.434Z] [API] GET /api/turnos/get-next-number 304 (8ms)
[2026-02-27T21:46:19.465Z] [API] PATCH /api/turnos/65/numero 200 (20ms)
[2026-02-27T21:46:19.471Z] [API] PATCH /api/turnos/65/numero 200 (25ms)
[2026-02-27T21:46:19.477Z] [API] GET /api/turnos 200 (3ms)
[2026-02-27T21:46:19.478Z] [API] GET /api/turnos 200 (5ms)
[2026-02-27T21:46:19.480Z] [API] GET /api/turnos 200 (7ms)
[2026-02-27T21:46:19.481Z] [API] GET /api/turnos 200 (8ms)
[2026-02-27T21:46:19.494Z] [API] PATCH /api/turnos/65/estado 200 (20ms)
[2026-02-27T21:46:19.508Z] [API] PATCH /api/turnos/65/estado 200 (33ms)
[2026-02-27T21:46:19.512Z] [API] GET /api/turnos 200 (2ms)
[2026-02-27T21:46:19.514Z] [API] GET /api/turnos 200 (4ms)
[2026-02-27T21:46:19.517Z] [API] GET /api/turnos 200 (6ms)
[2026-02-27T21:46:19.522Z] [API] GET /api/turnos 200 (10ms)
[2026-02-27T21:46:19.531Z] [API] GET /api/turnos 200 (2ms)
[2026-02-27T21:46:19.533Z] [API] GET /api/turnos 304 (5ms)
[2026-02-27T21:46:21.897Z] [API] PATCH /api/turnos/65/estado 200 (13ms)
[2026-02-27T21:46:21.903Z] [API] PATCH /api/turnos/65/estado 200 (17ms)
[2026-02-27T21:46:21.914Z] [API] GET /api/turnos 200 (5ms)
[2026-02-27T21:46:21.916Z] [API] GET /api/turnos 200 (7ms)
[2026-02-27T21:46:21.922Z] [API] GET /api/turnos 200 (11ms)
[2026-02-27T21:46:21.928Z] [API] GET /api/turnos 200 (18ms)
[2026-02-27T21:46:21.932Z] [API] GET /api/turnos 200 (2ms)
[2026-02-27T21:46:21.942Z] [API] GET /api/turnos 304 (12ms)
[2026-02-27T21:46:27.809Z] [API] GET /api/medicos 200 (2ms)
[2026-02-27T21:46:27.813Z] [API] GET /api/medicos 304 (5ms)
[2026-02-27T21:46:29.606Z] [API] POST /api/logout 200 (1ms)
[2026-02-27T21:46:29.608Z] [API] POST /api/logout 200 (2ms)
[2026-02-27T21:46:33.864Z] [API] POST /api/login 200 (72ms)
[2026-02-27T21:46:33.866Z] [API] POST /api/login 200 (73ms)
[2026-02-27T21:46:35.935Z] [API] GET /api/medicos 200 (2ms)
[2026-02-27T21:46:35.937Z] [API] GET /api/medicos 304 (4ms)
[2026-02-27T21:46:35.953Z] [API] GET /api/doctor-disponibilidad/6 200 (4ms)
[2026-02-27T21:46:35.957Z] [API] GET /api/doctor-disponibilidad/6 304 (8ms)
[2026-02-27T21:46:35.967Z] [API] GET /api/turnos 200 (15ms)
[2026-02-27T21:46:35.969Z] [API] GET /api/turnos 304 (17ms)
[2026-02-27T21:46:35.987Z] [API] GET /api/doctor-disponibilidad 200 (2ms)
[2026-02-27T21:46:35.989Z] [API] GET /api/doctor-disponibilidad 304 (4ms)
[2026-02-27T21:46:39.484Z] [API] POST /api/doctor-disponibilidad/validar 200 (3ms)
[2026-02-27T21:46:39.487Z] [API] POST /api/doctor-disponibilidad/validar 200 (6ms)
[2026-02-27T21:46:39.489Z] [API] POST /api/doctor-disponibilidad/validar 200 (6ms)
[2026-02-27T21:46:39.497Z] [API] POST /api/doctor-disponibilidad/validar 200 (13ms)
[2026-02-27T21:46:39.507Z] [API] GET /api/turnos 200 (11ms)
[2026-02-27T21:46:39.508Z] [API] GET /api/turnos 304 (12ms)
[2026-02-27T21:46:39.517Z] [API] GET /api/turnos 200 (3ms)
[2026-02-27T21:46:39.518Z] [API] GET /api/turnos 304 (4ms)
[2026-02-27T21:46:39.520Z] [API] GET /api/doctor-disponibilidad 200 (26ms)
[2026-02-27T21:46:39.521Z] [API] GET /api/doctor-disponibilidad 304 (28ms)
[2026-02-27T21:46:39.525Z] [API] GET /api/doctor-disponibilidad 200 (2ms)
[2026-02-27T21:46:39.527Z] [API] GET /api/doctor-disponibilidad 304 (4ms)
[2026-02-27T21:46:40.707Z] [API] POST /api/doctor-disponibilidad/validar 200 (2ms)
[2026-02-27T21:46:40.709Z] [API] POST /api/doctor-disponibilidad/validar 200 (3ms)
[2026-02-27T21:46:40.711Z] [API] POST /api/doctor-disponibilidad/validar 200 (5ms)
[2026-02-27T21:46:40.712Z] [API] POST /api/doctor-disponibilidad/validar 200 (6ms)
[2026-02-27T21:46:40.787Z] [API] POST /api/turnos/llamar-siguiente 200 (4ms)
[2026-02-27T21:46:40.789Z] [API] POST /api/turnos/llamar-siguiente 200 (6ms)
[2026-02-27T21:46:40.814Z] [API] GET /api/turnos 200 (3ms)
[2026-02-27T21:46:40.816Z] [API] GET /api/turnos 304 (5ms)
[2026-02-27T21:46:46.838Z] [API] GET /api/turnos 200 (2ms)
[2026-02-27T21:46:46.839Z] [API] GET /api/turnos 304 (3ms)
[2026-02-27T21:46:46.864Z] [API] POST /api/turnos/marcar-atendido 200 (17ms)
[2026-02-27T21:46:46.866Z] [API] POST /api/turnos/marcar-atendido 200 (19ms)
[2026-02-27T21:46:46.872Z] [API] GET /api/turnos 200 (2ms)
[2026-02-27T21:46:46.873Z] [API] GET /api/turnos 200 (3ms)
[2026-02-27T21:46:46.875Z] [API] GET /api/turnos 200 (5ms)
[2026-02-27T21:46:46.877Z] [API] GET /api/turnos 200 (7ms)
[2026-02-27T21:46:46.884Z] [API] GET /api/turnos 200 (7ms)
[2026-02-27T21:46:46.886Z] [API] GET /api/turnos 304 (9ms)
[2026-02-27T21:46:46.894Z] [API] GET /api/turnos 200 (2ms)
[2026-02-27T21:46:46.899Z] [API] GET /api/turnos 304 (8ms)
[2026-02-27T21:46:46.909Z] [API] GET /api/turnos 200 (2ms)
[2026-02-27T21:46:46.913Z] [API] GET /api/turnos 304 (6ms)
[2026-02-27T21:46:48.803Z] [API] POST /api/doctor-disponibilidad/validar 200 (2ms)
[2026-02-27T21:46:48.807Z] [API] POST /api/doctor-disponibilidad/validar 200 (7ms)
[2026-02-27T22:09:03.717Z] [INFO] ✅ Programador de backups automáticos iniciado | {"type":"STARTUP"}
[2026-02-27T22:11:45.007Z] [INFO] ✅ Programador de backups automáticos iniciado | {"type":"STARTUP"}
[2026-02-27T22:11:47.589Z] [API] GET / 304 (8ms)
[2026-02-27T22:11:47.626Z] [API] GET /style.css 304 (1ms)
[2026-02-27T22:11:47.634Z] [API] GET /images/logo3.png 304 (2ms)
[2026-02-27T22:11:47.635Z] [API] GET /images/iconrecibos.png 304 (2ms)
[2026-02-27T22:11:47.689Z] [API] GET /images/iconagenda.png 304 (1ms)
[2026-02-27T22:11:47.690Z] [API] GET /socket-client.js 304 (2ms)
[2026-02-27T22:11:47.705Z] [API] GET /socket-electro.js 304 (10ms)
[2026-02-27T22:11:47.708Z] [API] GET /calendario-bloqueado.js 304 (9ms)
[2026-02-27T22:11:47.712Z] [API] GET /images/iconuser.png 304 (8ms)
[2026-02-27T22:11:47.719Z] [API] GET /validation-client.js 304 (18ms)
[2026-02-27T22:11:47.722Z] [API] GET /app.js 304 (24ms)
[2026-02-27T22:11:47.724Z] [API] GET /images/iconelectro.png 304 (17ms)
[2026-02-27T22:11:47.728Z] [API] GET /images/logo.png 304 (1ms)
[2026-02-27T22:11:47.729Z] [API] GET /images/logo1.png 304 (2ms)
[2026-02-27T22:11:47.794Z] [API] GET /api/sesion 200 (4ms)
[2026-02-27T22:11:47.796Z] [API] GET /api/sesion 304 (6ms)
[2026-02-27T22:11:47.801Z] [API] GET /images/bck3.jpeg 304 (9ms)
[2026-02-27T22:11:47.805Z] [API] GET /images/fondo.png 304 (13ms)
[2026-02-27T22:11:47.807Z] [API] GET /images/icon.png 304 (16ms)
[2026-02-27T22:11:47.861Z] [API] GET /images/icon.png 304 (17ms)
[2026-02-27T22:11:47.895Z] [API] GET /api/recibos 200 (152ms)
[2026-02-27T22:11:47.901Z] [API] GET /api/recibos 304 (158ms)
[2026-02-27T22:11:54.230Z] [API] POST /api/login 200 (81ms)
[2026-02-27T22:11:54.232Z] [API] POST /api/login 200 (83ms)
[2026-02-27T22:11:56.581Z] [API] GET /api/medicos 200 (8ms)
[2026-02-27T22:11:56.584Z] [API] GET /api/medicos 304 (11ms)
[2026-02-27T22:11:57.226Z] [API] GET /api/medicos 200 (3ms)
[2026-02-27T22:11:57.233Z] [API] GET /api/medicos 304 (11ms)
[2026-02-27T22:11:57.268Z] [API] GET /api/doctor-disponibilidad/6 200 (25ms)
[2026-02-27T22:11:57.274Z] [API] GET /api/doctor-disponibilidad/6 304 (32ms)
[2026-02-27T22:11:57.288Z] [API] GET /api/turnos 200 (32ms)
[2026-02-27T22:11:57.289Z] [API] GET /api/turnos 304 (33ms)
[2026-02-27T22:11:57.291Z] [API] GET /api/medicos 200 (40ms)
[2026-02-27T22:11:57.293Z] [API] GET /api/medicos 304 (41ms)
[2026-02-27T22:11:57.310Z] [API] GET /api/doctor-disponibilidad 200 (12ms)
[2026-02-27T22:11:57.318Z] [API] GET /api/doctor-disponibilidad 304 (20ms)
[2026-02-27T22:11:57.759Z] [API] GET /api/doctor-agenda-files 200 (11ms)
[2026-02-27T22:11:57.761Z] [API] GET /api/doctor-agenda-files 304 (14ms)
[2026-02-27T22:12:00.702Z] [API] POST /api/doctor-disponibilidad/validar 200 (3ms)
[2026-02-27T22:12:00.737Z] [API] POST /api/doctor-disponibilidad/validar 200 (38ms)
[2026-02-27T22:12:00.748Z] [API] GET /api/doctor-disponibilidad 200 (3ms)
[2026-02-27T22:12:00.783Z] [API] GET /api/doctor-disponibilidad 304 (38ms)
[2026-02-27T22:12:00.793Z] [API] GET /api/turnos 200 (48ms)
[2026-02-27T22:12:00.810Z] [API] GET /api/turnos 304 (64ms)
[2026-02-27T22:12:00.839Z] [API] GET /images/up.svg 304 (3ms)
[2026-02-27T22:12:00.841Z] [API] GET /images/down.svg 304 (4ms)
[2026-02-27T22:12:00.843Z] [API] GET /images/edit.svg 304 (5ms)
[2026-02-27T22:12:00.865Z] [API] GET /images/delete.svg 304 (27ms)
[2026-02-27T22:12:02.276Z] [API] POST /api/doctor-disponibilidad/validar 200 (5ms)
[2026-02-27T22:12:02.300Z] [API] POST /api/doctor-disponibilidad/validar 200 (29ms)
[2026-02-27T22:12:05.824Z] [API] POST /api/doctor-disponibilidad/validar 200 (2ms)
[2026-02-27T22:12:05.832Z] [API] POST /api/doctor-disponibilidad/validar 200 (10ms)
[2026-02-27T22:12:06.991Z] [API] GET / 200 (7ms)
[2026-02-27T22:12:07.053Z] [API] GET /style.css 200 (3ms)
[2026-02-27T22:12:07.072Z] [API] GET /images/logo3.png 200 (3ms)
[2026-02-27T22:12:07.074Z] [API] GET /images/iconrecibos.png 200 (4ms)
[2026-02-27T22:12:07.079Z] [API] GET /socket-client.js 200 (2ms)
[2026-02-27T22:12:07.085Z] [API] GET /images/iconagenda.png 200 (8ms)
[2026-02-27T22:12:07.104Z] [API] GET /socket-electro.js 200 (10ms)
[2026-02-27T22:12:07.109Z] [API] GET /app.js 200 (16ms)
[2026-02-27T22:12:07.111Z] [API] GET /calendario-bloqueado.js 200 (3ms)
[2026-02-27T22:12:07.120Z] [API] GET /validation-client.js 200 (2ms)
[2026-02-27T22:12:07.900Z] [API] GET /images/iconelectro.png 200 (6ms)
[2026-02-27T22:12:07.961Z] [API] GET /images/iconuser.png 200 (3ms)
[2026-02-27T22:12:07.972Z] [API] GET /images/logo.png 200 (3ms)
[2026-02-27T22:12:07.976Z] [API] GET /images/logo1.png 200 (5ms)
[2026-02-27T22:12:08.604Z] [API] GET /api/recibos 200 (4ms)
[2026-02-27T22:12:08.605Z] [API] GET /api/recibos 200 (5ms)
[2026-02-27T22:12:08.629Z] [API] GET /api/sesion 200 (4ms)
[2026-02-27T22:12:08.635Z] [API] GET /api/sesion 200 (9ms)
[2026-02-27T22:12:08.643Z] [API] GET /images/fondo.png 200 (16ms)
[2026-02-27T22:12:08.646Z] [API] GET /images/icon.png 200 (17ms)
[2026-02-27T22:12:08.695Z] [API] GET /images/bck3.jpeg 200 (70ms)
[2026-02-27T22:12:08.846Z] [API] GET /images/icon.png 304 (5ms)
[2026-02-27T22:12:15.900Z] [API] POST /api/login 200 (77ms)
[2026-02-27T22:12:15.901Z] [API] POST /api/login 200 (79ms)
[2026-02-27T22:12:15.919Z] [API] GET /images/fondo.png 304 (4ms)
[2026-02-27T22:12:15.959Z] [API] GET /images/icon.png 304 (2ms)
[2026-02-27T22:12:16.889Z] [API] GET /api/medicos 200 (5ms)
[2026-02-27T22:12:16.892Z] [API] GET /api/medicos 200 (7ms)
[2026-02-27T22:12:16.914Z] [API] GET /images/icon.png 304 (3ms)
[2026-02-27T22:12:16.928Z] [API] GET /api/doctor-disponibilidad/6 200 (7ms)
[2026-02-27T22:12:16.931Z] [API] GET /api/doctor-disponibilidad/6 200 (9ms)
[2026-02-27T22:12:16.937Z] [API] GET /api/turnos 200 (15ms)
[2026-02-27T22:12:16.940Z] [API] GET /api/turnos 200 (17ms)
[2026-02-27T22:12:16.955Z] [API] GET /api/doctor-disponibilidad 200 (3ms)
[2026-02-27T22:12:16.957Z] [API] GET /api/doctor-disponibilidad 200 (6ms)
[2026-02-27T22:12:17.423Z] [API] GET /api/doctor-agenda-files 200 (2ms)
[2026-02-27T22:12:17.425Z] [API] GET /api/doctor-agenda-files 200 (5ms)
[2026-02-27T22:12:18.896Z] [API] POST /api/doctor-disponibilidad/validar 200 (5ms)
[2026-02-27T22:12:18.901Z] [API] POST /api/doctor-disponibilidad/validar 200 (11ms)
[2026-02-27T22:12:21.423Z] [API] POST /api/doctor-disponibilidad/validar 200 (4ms)
[2026-02-27T22:12:21.427Z] [API] POST /api/doctor-disponibilidad/validar 200 (7ms)
[2026-02-27T22:12:21.433Z] [API] GET /api/turnos 200 (12ms)
[2026-02-27T22:12:21.436Z] [API] GET /api/turnos 200 (14ms)
[2026-02-27T22:12:21.440Z] [API] GET /api/doctor-disponibilidad 200 (19ms)
[2026-02-27T22:12:21.444Z] [API] GET /api/doctor-disponibilidad 200 (24ms)
[2026-02-27T22:12:22.189Z] [API] POST /api/doctor-disponibilidad/validar 200 (2ms)
[2026-02-27T22:12:22.194Z] [API] POST /api/doctor-disponibilidad/validar 200 (7ms)
[2026-02-27T22:12:24.466Z] [API] GET /api/pacientes 200 (16ms)
[2026-02-27T22:12:24.468Z] [API] GET /api/pacientes 304 (18ms)
[2026-02-27T22:12:31.910Z] [WARN] Socket.IO emit error: agenda:turno-creado | {"error":"Maximum call stack size exceeded"}
[2026-02-27T22:12:31.911Z] [API] POST /api/turnos 200 (41ms)
[2026-02-27T22:12:31.913Z] [API] POST /api/turnos 200 (43ms)
[2026-02-27T22:12:31.927Z] [API] GET /api/turnos 200 (2ms)
[2026-02-27T22:12:31.928Z] [API] GET /api/turnos 200 (4ms)
[2026-02-27T22:15:00.824Z] [INFO] ✅ Programador de backups automáticos iniciado | {"type":"STARTUP"}
[2026-02-27T22:18:28.732Z] [INFO] ✅ Programador de backups automáticos iniciado | {"type":"STARTUP"}
[2026-02-27T22:19:21.287Z] [INFO] ✅ Programador de backups automáticos iniciado | {"type":"STARTUP"}
[2026-02-27T22:19:23.589Z] [API] GET / 304 (5ms)
[2026-02-27T22:19:23.692Z] [API] GET /style.css 304 (5ms)
[2026-02-27T22:19:23.698Z] [API] GET /images/logo3.png 304 (8ms)
[2026-02-27T22:19:23.711Z] [API] GET /images/iconrecibos.png 304 (19ms)
[2026-02-27T22:19:23.832Z] [API] GET /images/iconagenda.png 304 (9ms)
[2026-02-27T22:19:23.860Z] [API] GET /socket-electro.js 304 (34ms)
[2026-02-27T22:19:23.866Z] [API] GET /socket-client.js 304 (42ms)
[2026-02-27T22:19:23.871Z] [API] GET /calendario-bloqueado.js 304 (44ms)
[2026-02-27T22:19:23.874Z] [API] GET /app.js 304 (48ms)
[2026-02-27T22:19:23.877Z] [API] GET /validation-client.js 304 (45ms)
[2026-02-27T22:19:23.887Z] [API] GET /images/iconelectro.png 304 (3ms)
[2026-02-27T22:19:23.890Z] [API] GET /images/iconuser.png 304 (5ms)
[2026-02-27T22:19:23.902Z] [API] GET /images/logo.png 304 (17ms)
[2026-02-27T22:19:23.905Z] [API] GET /images/logo1.png 304 (20ms)
[2026-02-27T22:19:23.940Z] [API] GET /api/sesion 200 (31ms)
[2026-02-27T22:19:23.942Z] [API] GET /api/sesion 304 (34ms)
[2026-02-27T22:19:23.944Z] [API] GET /images/bck3.jpeg 304 (36ms)
[2026-02-27T22:19:23.951Z] [API] GET /images/fondo.png 304 (41ms)
[2026-02-27T22:19:23.953Z] [API] GET /images/icon.png 304 (44ms)
[2026-02-27T22:19:24.000Z] [API] GET /images/icon.png 304 (14ms)
[2026-02-27T22:19:24.008Z] [API] GET /api/recibos 200 (120ms)
[2026-02-27T22:19:24.009Z] [API] GET /api/recibos 304 (122ms)
[2026-02-27T22:19:28.962Z] [API] POST /api/login 200 (92ms)
[2026-02-27T22:19:28.964Z] [API] POST /api/login 200 (94ms)
[2026-02-27T22:19:32.597Z] [API] GET /api/medicos 200 (13ms)
[2026-02-27T22:19:32.599Z] [API] GET /api/medicos 304 (16ms)
[2026-02-27T22:19:34.107Z] [API] GET /api/medicos 200 (2ms)
[2026-02-27T22:19:34.108Z] [API] GET /api/medicos 304 (4ms)
[2026-02-27T22:19:34.124Z] [API] GET /api/doctor-disponibilidad/6 200 (8ms)
[2026-02-27T22:19:34.129Z] [API] GET /api/doctor-disponibilidad/6 304 (13ms)
[2026-02-27T22:19:34.137Z] [API] GET /api/medicos 200 (5ms)
[2026-02-27T22:19:34.140Z] [API] GET /api/medicos 304 (8ms)
[2026-02-27T22:19:34.149Z] [API] GET /api/turnos 200 (16ms)
[2026-02-27T22:19:34.151Z] [API] GET /api/turnos 304 (17ms)
[2026-02-27T22:19:34.173Z] [API] GET /api/doctor-disponibilidad 200 (5ms)
[2026-02-27T22:19:34.174Z] [API] GET /api/doctor-disponibilidad 304 (7ms)
[2026-02-27T22:19:35.076Z] [API] GET /api/doctor-agenda-files 200 (114ms)
[2026-02-27T22:19:35.083Z] [API] GET /api/doctor-agenda-files 304 (121ms)
[2026-02-27T22:19:40.186Z] [API] POST /api/doctor-disponibilidad/validar 200 (3ms)
[2026-02-27T22:19:40.189Z] [API] POST /api/doctor-disponibilidad/validar 200 (6ms)
[2026-02-27T22:19:40.198Z] [API] GET /api/doctor-disponibilidad 200 (13ms)
[2026-02-27T22:19:40.201Z] [API] GET /api/doctor-disponibilidad 304 (16ms)
[2026-02-27T22:19:40.208Z] [API] GET /api/turnos 200 (22ms)
[2026-02-27T22:19:40.212Z] [API] GET /api/turnos 304 (25ms)
[2026-02-27T22:19:40.235Z] [API] POST /api/doctor-disponibilidad/validar 200 (6ms)
[2026-02-27T22:19:40.239Z] [API] POST /api/doctor-disponibilidad/validar 200 (11ms)
[2026-02-27T22:19:40.259Z] [API] GET /images/up.svg 304 (1ms)
[2026-02-27T22:19:40.269Z] [API] GET /images/delete.svg 304 (1ms)
[2026-02-27T22:19:40.285Z] [API] GET /images/down.svg 304 (18ms)
[2026-02-27T22:19:40.288Z] [API] GET /images/edit.svg 304 (21ms)
[2026-02-27T22:19:45.327Z] [API] POST /api/doctor-disponibilidad/validar 200 (2ms)
[2026-02-27T22:19:45.334Z] [API] POST /api/doctor-disponibilidad/validar 200 (9ms)
[2026-02-27T22:19:47.107Z] [API] GET / 200 (5ms)
[2026-02-27T22:19:47.156Z] [API] GET /style.css 200 (2ms)
[2026-02-27T22:19:47.442Z] [API] GET /images/logo3.png 200 (2ms)
[2026-02-27T22:19:47.444Z] [API] GET /images/iconrecibos.png 200 (4ms)
[2026-02-27T22:19:47.451Z] [API] GET /socket-client.js 200 (2ms)
[2026-02-27T22:19:47.457Z] [API] GET /images/iconagenda.png 200 (9ms)
[2026-02-27T22:19:47.465Z] [API] GET /socket-electro.js 200 (4ms)
[2026-02-27T22:19:47.473Z] [API] GET /app.js 200 (11ms)
[2026-02-27T22:19:47.479Z] [API] GET /calendario-bloqueado.js 200 (3ms)
[2026-02-27T22:19:47.482Z] [API] GET /validation-client.js 200 (6ms)
[2026-02-27T22:19:48.033Z] [API] GET /images/iconelectro.png 200 (3ms)
[2026-02-27T22:19:48.041Z] [API] GET /images/iconuser.png 200 (3ms)
[2026-02-27T22:19:48.047Z] [API] GET /images/logo.png 200 (3ms)
[2026-02-27T22:19:48.051Z] [API] GET /images/logo1.png 200 (1ms)
[2026-02-27T22:19:48.253Z] [API] GET /api/recibos 200 (1ms)
[2026-02-27T22:19:48.254Z] [API] GET /api/recibos 200 (3ms)
[2026-02-27T22:19:48.277Z] [API] GET /api/sesion 200 (8ms)
[2026-02-27T22:19:48.284Z] [API] GET /api/sesion 200 (16ms)
[2026-02-27T22:19:48.291Z] [API] GET /images/fondo.png 200 (4ms)
[2026-02-27T22:19:48.293Z] [API] GET /images/icon.png 200 (5ms)
[2026-02-27T22:19:48.318Z] [API] GET /images/bck3.jpeg 200 (47ms)
[2026-02-27T22:19:48.373Z] [API] GET /images/icon.png 304 (1ms)
[2026-02-27T22:19:49.218Z] [API] POST /api/doctor-disponibilidad/validar 200 (1ms)
[2026-02-27T22:19:49.224Z] [API] POST /api/doctor-disponibilidad/validar 200 (7ms)
[2026-02-27T22:19:55.772Z] [API] POST /api/login 200 (69ms)
[2026-02-27T22:19:55.773Z] [API] POST /api/login 200 (70ms)
[2026-02-27T22:19:55.789Z] [API] GET /images/fondo.png 304 (2ms)
[2026-02-27T22:19:55.844Z] [API] GET /images/icon.png 304 (2ms)
[2026-02-27T22:19:58.847Z] [API] GET /api/medicos 200 (4ms)
[2026-02-27T22:19:58.855Z] [API] GET /api/medicos 200 (12ms)
[2026-02-27T22:19:58.881Z] [API] GET /images/icon.png 304 (6ms)
[2026-02-27T22:19:58.924Z] [API] GET /api/doctor-disponibilidad/6 200 (46ms)
[2026-02-27T22:19:58.931Z] [API] GET /api/doctor-disponibilidad/6 200 (54ms)
[2026-02-27T22:19:58.933Z] [API] GET /api/turnos 200 (54ms)
[2026-02-27T22:19:58.935Z] [API] GET /api/turnos 200 (56ms)
[2026-02-27T22:19:58.944Z] [API] GET /api/doctor-disponibilidad 200 (3ms)
[2026-02-27T22:19:58.963Z] [API] GET /api/doctor-disponibilidad 200 (22ms)
[2026-02-27T22:19:59.384Z] [API] GET /api/doctor-agenda-files 200 (2ms)
[2026-02-27T22:19:59.386Z] [API] GET /api/doctor-agenda-files 200 (4ms)
[2026-02-27T22:20:04.222Z] [API] POST /api/doctor-disponibilidad/validar 200 (5ms)
[2026-02-27T22:20:04.231Z] [API] POST /api/doctor-disponibilidad/validar 200 (14ms)
[2026-02-27T22:20:04.239Z] [API] GET /api/turnos 200 (19ms)
[2026-02-27T22:20:04.243Z] [API] GET /api/turnos 200 (24ms)
[2026-02-27T22:20:04.246Z] [API] GET /api/doctor-disponibilidad 200 (28ms)
[2026-02-27T22:20:04.250Z] [API] GET /api/doctor-disponibilidad 200 (32ms)
[2026-02-27T22:20:05.474Z] [API] POST /api/doctor-disponibilidad/validar 200 (2ms)
[2026-02-27T22:20:05.489Z] [API] POST /api/doctor-disponibilidad/validar 200 (18ms)
[2026-02-27T22:20:07.471Z] [API] POST /api/doctor-disponibilidad/validar 200 (1ms)
[2026-02-27T22:20:07.473Z] [API] POST /api/doctor-disponibilidad/validar 200 (3ms)
[2026-02-27T22:20:08.408Z] [API] GET /api/turnos/get-next-number 200 (3ms)
[2026-02-27T22:20:08.409Z] [API] GET /api/turnos/get-next-number 304 (4ms)
[2026-02-27T22:20:08.437Z] [API] PATCH /api/turnos/66/numero 200 (18ms)
[2026-02-27T22:20:08.439Z] [API] PATCH /api/turnos/66/numero 200 (20ms)
[2026-02-27T22:20:08.448Z] [API] GET /api/turnos 200 (6ms)
[2026-02-27T22:20:08.451Z] [API] GET /api/turnos 200 (9ms)
[2026-02-27T22:20:08.457Z] [API] PATCH /api/turnos/66/estado 200 (14ms)
[2026-02-27T22:20:08.460Z] [API] PATCH /api/turnos/66/estado 200 (17ms)
[2026-02-27T22:20:08.471Z] [API] GET /api/turnos 200 (29ms)
[2026-02-27T22:20:08.474Z] [API] GET /api/turnos 200 (31ms)
[2026-02-27T22:20:08.485Z] [API] GET /api/turnos 200 (15ms)
[2026-02-27T22:20:08.493Z] [API] GET /api/turnos 200 (24ms)
[2026-02-27T22:20:08.510Z] [API] GET /api/turnos 200 (34ms)
[2026-02-27T22:20:08.518Z] [API] GET /api/turnos 304 (42ms)
[2026-02-27T22:20:08.523Z] [API] GET /api/turnos 200 (2ms)
[2026-02-27T22:20:08.524Z] [API] GET /api/turnos 304 (4ms)
[2026-02-27T22:20:10.122Z] [API] POST /api/doctor-disponibilidad/validar 200 (21ms)
[2026-02-27T22:20:10.124Z] [API] POST /api/doctor-disponibilidad/validar 200 (23ms)
[2026-02-27T22:20:10.186Z] [API] POST /api/turnos/llamar-siguiente 200 (42ms)
[2026-02-27T22:20:10.189Z] [API] POST /api/turnos/llamar-siguiente 200 (45ms)
[2026-02-27T22:20:10.196Z] [API] GET /api/turnos 200 (5ms)
[2026-02-27T22:20:10.208Z] [API] GET /api/turnos 200 (16ms)
[2026-02-27T22:20:10.210Z] [API] GET /api/turnos 200 (18ms)
[2026-02-27T22:20:10.212Z] [API] GET /api/turnos 200 (21ms)
[2026-02-27T22:20:10.216Z] [API] GET /api/turnos 200 (4ms)
[2026-02-27T22:20:10.218Z] [API] GET /api/turnos 304 (6ms)
[2026-02-27T22:20:10.221Z] [API] GET /api/turnos 200 (2ms)
[2026-02-27T22:20:10.223Z] [API] GET /api/turnos 304 (4ms)
[2026-02-27T22:20:10.229Z] [API] GET /api/turnos 200 (4ms)
[2026-02-27T22:20:10.233Z] [API] GET /api/turnos 304 (8ms)
[2026-02-27T22:20:11.140Z] [API] GET /api/turnos 200 (2ms)
[2026-02-27T22:20:11.142Z] [API] GET /api/turnos 304 (3ms)
[2026-02-27T22:20:11.177Z] [API] POST /api/turnos/marcar-atendido 200 (27ms)
[2026-02-27T22:20:11.186Z] [API] POST /api/turnos/marcar-atendido 200 (36ms)
[2026-02-27T22:20:11.193Z] [API] GET /api/turnos 200 (4ms)
[2026-02-27T22:20:11.195Z] [API] GET /api/turnos 200 (7ms)
[2026-02-27T22:20:11.200Z] [API] GET /api/turnos 200 (12ms)
[2026-02-27T22:20:11.202Z] [API] GET /api/turnos 200 (14ms)
[2026-02-27T22:20:11.205Z] [API] GET /api/turnos 200 (4ms)
[2026-02-27T22:20:11.206Z] [API] GET /api/turnos 304 (5ms)
[2026-02-27T22:20:11.215Z] [API] GET /api/turnos 200 (11ms)
[2026-02-27T22:20:11.222Z] [API] GET /api/turnos 304 (18ms)
[2026-02-27T22:20:11.224Z] [API] GET /api/turnos 200 (12ms)
[2026-02-27T22:20:11.226Z] [API] GET /api/turnos 304 (14ms)
