[2026-02-27T16:26:07.740Z] [ERROR] ROLLBACK: Failed Transaction | {"error":"Operation failed","duration":"0ms"}
[2026-02-27T16:26:07.747Z] [ERROR] ROLLBACK: Transaction | {"error":"Test error","duration":"0ms"}
[2026-02-27T16:26:07.754Z] [ERROR] Query 1/2 failed: Unknown | {"error":"Query failed"}
[2026-02-27T16:26:07.755Z] [ERROR] ROLLBACK: Multi-query transaction | {"error":"Query failed","duration":"1ms"}
[2026-02-27T16:26:08.148Z] [ERROR] Test error message | {"code":"ERR001"}
[2026-02-27T16:36:18.705Z] [ERROR] ROLLBACK: Failed Transaction | {"error":"Operation failed","duration":"0ms"}
[2026-02-27T16:36:18.711Z] [ERROR] ROLLBACK: Transaction | {"error":"Test error","duration":"0ms"}
[2026-02-27T16:36:18.717Z] [ERROR] Query 1/2 failed: Unknown | {"error":"Query failed"}
[2026-02-27T16:36:18.718Z] [ERROR] ROLLBACK: Multi-query transaction | {"error":"Query failed","duration":"1ms"}
[2026-02-27T16:36:18.979Z] [ERROR] Test error message | {"code":"ERR001"}
[2026-02-27T16:38:28.741Z] [ERROR] ROLLBACK: Failed Transaction | {"error":"Operation failed","duration":"0ms"}
[2026-02-27T16:38:28.764Z] [ERROR] ROLLBACK: Transaction | {"error":"Test error","duration":"0ms"}
[2026-02-27T16:38:28.772Z] [ERROR] Query 1/2 failed: Unknown | {"error":"Query failed"}
[2026-02-27T16:38:28.773Z] [ERROR] ROLLBACK: Multi-query transaction | {"error":"Query failed","duration":"1ms"}
[2026-02-27T16:38:28.860Z] [ERROR] Test error message | {"code":"ERR001"}
[2026-02-27T16:38:35.416Z] [ERROR] ROLLBACK: Failed Transaction | {"error":"Operation failed","duration":"0ms"}
[2026-02-27T16:38:35.422Z] [ERROR] ROLLBACK: Transaction | {"error":"Test error","duration":"0ms"}
[2026-02-27T16:38:35.427Z] [ERROR] Query 1/2 failed: Unknown | {"error":"Query failed"}
[2026-02-27T16:38:35.427Z] [ERROR] ROLLBACK: Multi-query transaction | {"error":"Query failed","duration":"1ms"}
[2026-02-27T16:38:35.516Z] [ERROR] Test error message | {"code":"ERR001"}
[2026-02-27T16:48:19.602Z] [ERROR] ROLLBACK: Failed Transaction | {"error":"Operation failed","duration":"0ms"}
[2026-02-27T16:48:19.607Z] [ERROR] ROLLBACK: Transaction | {"error":"Test error","duration":"0ms"}
[2026-02-27T16:48:19.612Z] [ERROR] Query 1/2 failed: Unknown | {"error":"Query failed"}
[2026-02-27T16:48:19.613Z] [ERROR] ROLLBACK: Multi-query transaction | {"error":"Query failed","duration":"1ms"}
[2026-02-27T16:48:19.683Z] [ERROR] Test error message | {"code":"ERR001"}
[2026-02-27T16:50:37.651Z] [ERROR] ROLLBACK: Failed Transaction | {"error":"Operation failed","duration":"0ms"}
[2026-02-27T16:50:37.657Z] [ERROR] ROLLBACK: Transaction | {"error":"Test error","duration":"0ms"}
[2026-02-27T16:50:37.662Z] [ERROR] Query 1/2 failed: Unknown | {"error":"Query failed"}
[2026-02-27T16:50:37.663Z] [ERROR] ROLLBACK: Multi-query transaction | {"error":"Query failed","duration":"1ms"}
[2026-02-27T16:50:37.835Z] [ERROR] Test error message | {"code":"ERR001"}
[2026-02-28T13:46:29.241Z] [ERROR] Error en dashboard auditoría | {"error":"Cannot read properties of undefined (reading 'email')","stack":"TypeError: Cannot read properties of undefined (reading 'email')\n    at C:\\xampp\\htdocs\\innar-app\\innar-app\\server.js:3302:25\n    at process.processTicksAndRejections (node:internal/process/task_queues:103:5)"}
[2026-02-28T14:31:00.549Z] [ERROR] Error en endpoint agenda PDF | {"error":"Table 'innar_clinica.doctores' doesn't exist","stack":"Error: Table 'innar_clinica.doctores' doesn't exist\n    at PromisePoolConnection.execute (C:\\xampp\\htdocs\\innar-app\\innar-app\\node_modules\\mysql2\\lib\\promise\\connection.js:47:22)\n    at Object.query (C:\\xampp\\htdocs\\innar-app\\innar-app\\utils\\db-mysql.js:31:37)\n    at process.processTicksAndRejections (node:internal/process/task_queues:103:5)\n    at async C:\\xampp\\htdocs\\innar-app\\innar-app\\server.js:3342:24"}
[2026-03-02T22:00:20.904Z] [ERROR] ROLLBACK: Transaction | {"error":"Sin capacidad disponible en este horario. Hay 4 cupos ocupados. Máximo: 4","duration":"2ms"}
